Archive member included because of file (symbol)

c:/software/altera/10.1/nios2eds/bin/gnu/h-i686-mingw32/bin/../lib/gcc/nios2-elf/4.1.2/../../../../nios2-elf/lib/mno-hw-mul\libc.a(lib_a-printf.o)
                              obj/lab1_phase1.o (printf)
c:/software/altera/10.1/nios2eds/bin/gnu/h-i686-mingw32/bin/../lib/gcc/nios2-elf/4.1.2/../../../../nios2-elf/lib/mno-hw-mul\libc.a(lib_a-vfprintf.o)
                              c:/software/altera/10.1/nios2eds/bin/gnu/h-i686-mingw32/bin/../lib/gcc/nios2-elf/4.1.2/../../../../nios2-elf/lib/mno-hw-mul\libc.a(lib_a-printf.o) (___vfprintf_internal_r)
c:/software/altera/10.1/nios2eds/bin/gnu/h-i686-mingw32/bin/../lib/gcc/nios2-elf/4.1.2/../../../../nios2-elf/lib/mno-hw-mul\libc.a(lib_a-wsetup.o)
                              c:/software/altera/10.1/nios2eds/bin/gnu/h-i686-mingw32/bin/../lib/gcc/nios2-elf/4.1.2/../../../../nios2-elf/lib/mno-hw-mul\libc.a(lib_a-vfprintf.o) (__swsetup_r)
c:/software/altera/10.1/nios2eds/bin/gnu/h-i686-mingw32/bin/../lib/gcc/nios2-elf/4.1.2/../../../../nios2-elf/lib/mno-hw-mul\libc.a(lib_a-dtoa.o)
                              c:/software/altera/10.1/nios2eds/bin/gnu/h-i686-mingw32/bin/../lib/gcc/nios2-elf/4.1.2/../../../../nios2-elf/lib/mno-hw-mul\libc.a(lib_a-vfprintf.o) (_dtoa_r)
c:/software/altera/10.1/nios2eds/bin/gnu/h-i686-mingw32/bin/../lib/gcc/nios2-elf/4.1.2/../../../../nios2-elf/lib/mno-hw-mul\libc.a(lib_a-fflush.o)
                              c:/software/altera/10.1/nios2eds/bin/gnu/h-i686-mingw32/bin/../lib/gcc/nios2-elf/4.1.2/../../../../nios2-elf/lib/mno-hw-mul\libc.a(lib_a-vfprintf.o) (_fflush_r)
c:/software/altera/10.1/nios2eds/bin/gnu/h-i686-mingw32/bin/../lib/gcc/nios2-elf/4.1.2/../../../../nios2-elf/lib/mno-hw-mul\libc.a(lib_a-findfp.o)
                              c:/software/altera/10.1/nios2eds/bin/gnu/h-i686-mingw32/bin/../lib/gcc/nios2-elf/4.1.2/../../../../nios2-elf/lib/mno-hw-mul\libc.a(lib_a-vfprintf.o) (__sinit)
c:/software/altera/10.1/nios2eds/bin/gnu/h-i686-mingw32/bin/../lib/gcc/nios2-elf/4.1.2/../../../../nios2-elf/lib/mno-hw-mul\libc.a(lib_a-freer.o)
                              c:/software/altera/10.1/nios2eds/bin/gnu/h-i686-mingw32/bin/../lib/gcc/nios2-elf/4.1.2/../../../../nios2-elf/lib/mno-hw-mul\libc.a(lib_a-wsetup.o) (_free_r)
c:/software/altera/10.1/nios2eds/bin/gnu/h-i686-mingw32/bin/../lib/gcc/nios2-elf/4.1.2/../../../../nios2-elf/lib/mno-hw-mul\libc.a(lib_a-fvwrite.o)
                              c:/software/altera/10.1/nios2eds/bin/gnu/h-i686-mingw32/bin/../lib/gcc/nios2-elf/4.1.2/../../../../nios2-elf/lib/mno-hw-mul\libc.a(lib_a-vfprintf.o) (__sfvwrite_r)
c:/software/altera/10.1/nios2eds/bin/gnu/h-i686-mingw32/bin/../lib/gcc/nios2-elf/4.1.2/../../../../nios2-elf/lib/mno-hw-mul\libc.a(lib_a-fwalk.o)
                              c:/software/altera/10.1/nios2eds/bin/gnu/h-i686-mingw32/bin/../lib/gcc/nios2-elf/4.1.2/../../../../nios2-elf/lib/mno-hw-mul\libc.a(lib_a-fflush.o) (_fwalk_reent)
c:/software/altera/10.1/nios2eds/bin/gnu/h-i686-mingw32/bin/../lib/gcc/nios2-elf/4.1.2/../../../../nios2-elf/lib/mno-hw-mul\libc.a(lib_a-impure.o)
                              c:/software/altera/10.1/nios2eds/bin/gnu/h-i686-mingw32/bin/../lib/gcc/nios2-elf/4.1.2/../../../../nios2-elf/lib/mno-hw-mul\libc.a(lib_a-printf.o) (_impure_ptr)
c:/software/altera/10.1/nios2eds/bin/gnu/h-i686-mingw32/bin/../lib/gcc/nios2-elf/4.1.2/../../../../nios2-elf/lib/mno-hw-mul\libc.a(lib_a-locale.o)
                              c:/software/altera/10.1/nios2eds/bin/gnu/h-i686-mingw32/bin/../lib/gcc/nios2-elf/4.1.2/../../../../nios2-elf/lib/mno-hw-mul\libc.a(lib_a-vfprintf.o) (_localeconv_r)
c:/software/altera/10.1/nios2eds/bin/gnu/h-i686-mingw32/bin/../lib/gcc/nios2-elf/4.1.2/../../../../nios2-elf/lib/mno-hw-mul\libc.a(lib_a-makebuf.o)
                              c:/software/altera/10.1/nios2eds/bin/gnu/h-i686-mingw32/bin/../lib/gcc/nios2-elf/4.1.2/../../../../nios2-elf/lib/mno-hw-mul\libc.a(lib_a-wsetup.o) (__smakebuf_r)
c:/software/altera/10.1/nios2eds/bin/gnu/h-i686-mingw32/bin/../lib/gcc/nios2-elf/4.1.2/../../../../nios2-elf/lib/mno-hw-mul\libc.a(lib_a-mallocr.o)
                              c:/software/altera/10.1/nios2eds/bin/gnu/h-i686-mingw32/bin/../lib/gcc/nios2-elf/4.1.2/../../../../nios2-elf/lib/mno-hw-mul\libc.a(lib_a-findfp.o) (_malloc_r)
c:/software/altera/10.1/nios2eds/bin/gnu/h-i686-mingw32/bin/../lib/gcc/nios2-elf/4.1.2/../../../../nios2-elf/lib/mno-hw-mul\libc.a(lib_a-memchr.o)
                              c:/software/altera/10.1/nios2eds/bin/gnu/h-i686-mingw32/bin/../lib/gcc/nios2-elf/4.1.2/../../../../nios2-elf/lib/mno-hw-mul\libc.a(lib_a-vfprintf.o) (memchr)
c:/software/altera/10.1/nios2eds/bin/gnu/h-i686-mingw32/bin/../lib/gcc/nios2-elf/4.1.2/../../../../nios2-elf/lib/mno-hw-mul\libc.a(lib_a-memcpy.o)
[...]
Memory Configuration

Name             Origin             Length             Attributes
reset            0x00800000         0x00000020
sdram_0          0x00800020         0x007fffe0
*default*        0x00000000         0xffffffff

Linker script and memory map

LOAD ../lab1_phase1_bsp/obj/HAL/src/crt0.o
LOAD obj/lab1_phase1.o
LOAD c:/software/altera/10.1/nios2eds/bin/gnu/h-i686-mingw32/bin/../lib/gcc/nios2-elf/4.1.2/../../../../nios2-elf/lib/mno-hw-mul\libstdc++.a
LOAD c:/software/altera/10.1/nios2eds/bin/gnu/h-i686-mingw32/bin/../lib/gcc/nios2-elf/4.1.2/../../../../nios2-elf/lib/mno-hw-mul\libm.a
LOAD c:/software/altera/10.1/nios2eds/bin/gnu/h-i686-mingw32/bin/../lib/gcc/nios2-elf/4.1.2/mno-hw-mul\libgcc.a
START GROUP
LOAD c:/software/altera/10.1/nios2eds/bin/gnu/h-i686-mingw32/bin/../lib/gcc/nios2-elf/4.1.2/../../../../nios2-elf/lib/mno-hw-mul\libc.a
LOAD c:/software/altera/10.1/nios2eds/bin/gnu/h-i686-mingw32/bin/../lib/gcc/nios2-elf/4.1.2/mno-hw-mul\libgcc.a
LOAD ../lab1_phase1_bsp\libhal_bsp.a
END GROUP
LOAD c:/software/altera/10.1/nios2eds/bin/gnu/h-i686-mingw32/bin/../lib/gcc/nios2-elf/4.1.2/mno-hw-mul\libgcc.a
                0x00800000                __alt_mem_sdram_0 = 0x800000

.entry          0x00800000       0x20
 *(.entry)
 .entry         0x00800000       0x20 ../lab1_phase1_bsp/obj/HAL/src/crt0.o
                0x00800000                __reset

.exceptions     0x00800020      0x194
                0x00800020                PROVIDE (__ram_exceptions_start, ABSOLUTE (.))
                0x00800020                . = ALIGN (0x20)
 *(.irq)
 *(.exceptions.entry.label)
 .exceptions.entry.label
                0x00800020        0x0 ../lab1_phase1_bsp\libhal_bsp.a(alt_irq_entry.o)
                0x00800020                alt_irq_entry
 .exceptions.entry.label
                0x00800020        0x0 ../lab1_phase1_bsp\libhal_bsp.a(alt_exception_entry.o)
                0x00800020                alt_exception
 *(.exceptions.entry.user)
 *(.exceptions.entry)
 .exceptions.entry
                0x00800020       0x54 ../lab1_phase1_bsp\libhal_bsp.a(alt_exception_entry.o)
 *(.exceptions.irqtest.user)
 *(.exceptions.irqtest)
 .exceptions.irqtest
                0x00800074       0x10 ../lab1_phase1_bsp\libhal_bsp.a(alt_irq_entry.o)
 *(.exceptions.irqhandler.user)
 *(.exceptions.irqhandler)
 .exceptions.irqhandler
                0x00800084        0x4 ../lab1_phase1_bsp\libhal_bsp.a(alt_irq_entry.o)
 *(.exceptions.irqreturn.user)
 *(.exceptions.irqreturn)
 .exceptions.irqreturn
                0x00800088        0x4 ../lab1_phase1_bsp\libhal_bsp.a(alt_irq_entry.o)
 *(.exceptions.notirq.label)
 .exceptions.notirq.label
                0x0080008c        0x0 ../lab1_phase1_bsp\libhal_bsp.a(alt_irq_entry.o)
 *(.exceptions.notirq.user)
 *(.exceptions.notirq)
 .exceptions.notirq
                0x0080008c        0x8 ../lab1_phase1_bsp\libhal_bsp.a(alt_exception_entry.o)
 *(.exceptions.soft.user)
 *(.exceptions.soft)
 *(.exceptions.unknown.user)
 *(.exceptions.unknown)
 .exceptions.unknown
                0x00800094        0x4 ../lab1_phase1_bsp\libhal_bsp.a(alt_exception_entry.o)
 *(.exceptions.exit.label)
 .exceptions.exit.label
                0x00800098        0x0 ../lab1_phase1_bsp\libhal_bsp.a(alt_irq_entry.o)
 .exceptions.exit.label
                0x00800098        0x0 ../lab1_phase1_bsp\libhal_bsp.a(alt_exception_entry.o)
 *(.exceptions.exit.user)
 *(.exceptions.exit)
 .exceptions.exit
                0x00800098       0x54 ../lab1_phase1_bsp\libhal_bsp.a(alt_exception_entry.o)
 *(.exceptions)
 .exceptions    0x008000ec       0xc8 ../lab1_phase1_bsp\libhal_bsp.a(alt_irq_handler.o)
                0x008000ec                alt_irq_handler
                0x008001b4                PROVIDE (__ram_exceptions_end, ABSOLUTE (.))
                0x00800020                PROVIDE (__flash_exceptions_start, LOADADDR (.exceptions))

.text           0x008001b4     0xd780
                0x008001b4                PROVIDE (stext, ABSOLUTE (.))
 *(.interp)
 *(.hash)
 *(.dynsym)
 *(.dynstr)
 *(.gnu.version)
 *(.gnu.version_d)
 *(.gnu.version_r)
 *(.rel.init)
 *(.rela.init)
 *(.rel.text .rel.text.* .rel.gnu.linkonce.t.*)
 *(.rela.text .rela.text.* .rela.gnu.linkonce.t.*)
 *(.rel.fini)
 *(.rela.fini)
 *(.rel.rodata .rel.rodata.* .rel.gnu.linkonce.r.*)
 *(.rela.rodata .rela.rodata.* .rela.gnu.linkonce.r.*)
 *(.rel.data .rel.data.* .rel.gnu.linkonce.d.*)
 *(.rela.data .rela.data.* .rela.gnu.linkonce.d.*)
 *(.rel.tdata .rel.tdata.* .rel.gnu.linkonce.td.*)
 *(.rela.tdata .rela.tdata.* .rela.gnu.linkonce.td.*)
 *(.rel.tbss .rel.tbss.* .rel.gnu.linkonce.tb.*)
 *(.rela.tbss .rela.tbss.* .rela.gnu.linkonce.tb.*)
 *(.rel.ctors)
 *(.rela.ctors)
 *(.rel.dtors)
 *(.rela.dtors)
 *(.rel.got)
 *(.rela.got)
 *(.rel.sdata .rel.sdata.* .rel.gnu.linkonce.s.*)
 *(.rela.sdata .rela.sdata.* .rela.gnu.linkonce.s.*)
 *(.rel.sbss .rel.sbss.* .rel.gnu.linkonce.sb.*)
 *(.rela.sbss .rela.sbss.* .rela.gnu.linkonce.sb.*)
 *(.rel.sdata2 .rel.sdata2.* .rel.gnu.linkonce.s2.*)
 *(.rela.sdata2 .rela.sdata2.* .rela.gnu.linkonce.s2.*)
 *(.rel.sbss2 .rel.sbss2.* .rel.gnu.linkonce.sb2.*)
 *(.rela.sbss2 .rela.sbss2.* .rela.gnu.linkonce.sb2.*)
 *(.rel.bss .rel.bss.* .rel.gnu.linkonce.b.*)
 *(.rela.bss .rela.bss.* .rela.gnu.linkonce.b.*)
 *(.rel.plt)
 *(.rela.plt)
 *(.rel.dyn)
 *(.init)
 *(.plt)
 *(.text .stub .text.* .gnu.linkonce.t.*)
 .text          0x008001b4       0x3c ../lab1_phase1_bsp/obj/HAL/src/crt0.o
                0x008001b4                _start
 .text          0x008001f0       0xc0 obj/lab1_phase1.o
                0x008001f0                get_button_push
                0x00800278                main
 .text          0x008002b0       0x78 c:/software/altera/10.1/nios2eds/bin/gnu/h-i686-mingw32/bin/../lib/gcc/nios2-elf/4.1.2/../../../../nios2-elf/lib/mno-hw-mul\libc.a(lib_a-printf.o)
                0x008002b0                printf
                0x008002f4                _printf_r
 .text          0x00800328     0x1f40 c:/software/altera/10.1/nios2eds/bin/gnu/h-i686-mingw32/bin/../lib/gcc/nios2-elf/4.1.2/../../../../nios2-elf/lib/mno-hw-mul\libc.a(lib_a-vfprintf.o)
                0x00800380                ___vfprintf_internal_r
                0x00802244                __vfprintf_internal
 .text          0x00802268      0x13c c:/software/altera/10.1/nios2eds/bin/gnu/h-i686-mingw32/bin/../lib/gcc/nios2-elf/4.1.2/../../../../nios2-elf/lib/mno-hw-mul\libc.a(lib_a-wsetup.o)
                0x00802268                __swsetup_r
 .text          0x008023a4     0x17f8 c:/software/altera/10.1/nios2eds/bin/gnu/h-i686-mingw32/bin/../lib/gcc/nios2-elf/4.1.2/../../../../nios2-elf/lib/mno-hw-mul\libc.a(lib_a-dtoa.o)
                0x008025e8                _dtoa_r
 .text          0x00803b9c      0x230 c:/software/altera/10.1/nios2eds/bin/gnu/h-i686-mingw32/bin/../lib/gcc/nios2-elf/4.1.2/../../../../nios2-elf/lib/mno-hw-mul\libc.a(lib_a-fflush.o)
                0x00803b9c                _fflush_r
                0x00803d98                fflush
 .text          0x00803dcc      0x2f4 c:/software/altera/10.1/nios2eds/bin/gnu/h-i686-mingw32/bin/../lib/gcc/nios2-elf/4.1.2/../../../../nios2-elf/lib/mno-hw-mul\libc.a(lib_a-findfp.o)
                0x00803e24                __sfp_lock_acquire
                0x00803e28                __sfp_lock_release
                0x00803e2c                __sinit_lock_acquire
                0x00803e30                __sinit_lock_release
                0x00803e34                __sinit
                0x00803ee8                __fp_unlock_all
                0x00803f00                __fp_lock_all
                0x00803f18                _cleanup_r
                0x00803f24                _cleanup
                0x00803f34                __sfmoreglue
                0x00803fd0                __sfp
 .text          0x008040c0      0x440 c:/software/altera/10.1/nios2eds/bin/gnu/h-i686-mingw32/bin/../lib/gcc/nios2-elf/4.1.2/../../../../nios2-elf/lib/mno-hw-mul\libc.a(lib_a-freer.o)
                0x008040c0                _malloc_trim_r
                0x008041ec                _free_r
 .text          0x00804500      0x49c c:/software/altera/10.1/nios2eds/bin/gnu/h-i686-mingw32/bin/../lib/gcc/nios2-elf/4.1.2/../../../../nios2-elf/lib/mno-hw-mul\libc.a(lib_a-fvwrite.o)
                0x00804500                __sfvwrite_r
 .text          0x0080499c      0x180 c:/software/altera/10.1/nios2eds/bin/gnu/h-i686-mingw32/bin/../lib/gcc/nios2-elf/4.1.2/../../../../nios2-elf/lib/mno-hw-mul\libc.a(lib_a-fwalk.o)
                0x0080499c                _fwalk_reent
                0x00804a64                _fwalk
 .text          0x00804b1c        0x0 c:/software/altera/10.1/nios2eds/bin/gnu/h-i686-mingw32/bin/../lib/gcc/nios2-elf/4.1.2/../../../../nios2-elf/lib/mno-hw-mul\libc.a(lib_a-impure.o)
 .text          0x00804b1c       0xc4 c:/software/altera/10.1/nios2eds/bin/gnu/h-i686-mingw32/bin/../lib/gcc/nios2-elf/4.1.2/../../../../nios2-elf/lib/mno-hw-mul\libc.a(lib_a-locale.o)
                0x00804b1c                __locale_charset
                0x00804b24                _localeconv_r
                0x00804b30                localeconv
                0x00804b40                _setlocale_r
                0x00804bc4                setlocale
 .text          0x00804be0      0x194 c:/software/altera/10.1/nios2eds/bin/gnu/h-i686-mingw32/bin/../lib/gcc/nios2-elf/4.1.2/../../../../nios2-elf/lib/mno-hw-mul\libc.a(lib_a-makebuf.o)
                0x00804be0                __smakebuf_r
 .text          0x00804d74      0x740 c:/software/altera/10.1/nios2eds/bin/gnu/h-i686-mingw32/bin/../lib/gcc/nios2-elf/4.1.2/../../../../nios2-elf/lib/mno-hw-mul\libc.a(lib_a-mallocr.o)
                0x00804d74                _malloc_r
 .text          0x008054b4       0xe4 c:/software/altera/10.1/nios2eds/bin/gnu/h-i686-mingw32/bin/../lib/gcc/nios2-elf/4.1.2/../../../../nios2-elf/lib/mno-hw-mul\libc.a(lib_a-memchr.o)
                0x008054b4                memchr
 .text          0x00805598       0xa0 c:/software/altera/10.1/nios2eds/bin/gnu/h-i686-mingw32/bin/../lib/gcc/nios2-elf/4.1.2/../../../../nios2-elf/lib/mno-hw-mul\libc.a(lib_a-memcpy.o)
                0x00805598                memcpy
 .text          0x00805638       0xe0 c:/software/altera/10.1/nios2eds/bin/gnu/h-i686-mingw32/bin/../lib/gcc/nios2-elf/4.1.2/../../../../nios2-elf/lib/mno-hw-mul\libc.a(lib_a-memmove.o)
                0x00805638                memmove
 .text          0x00805718       0x98 c:/software/altera/10.1/nios2eds/bin/gnu/h-i686-mingw32/bin/../lib/gcc/nios2-elf/4.1.2/../../../../nios2-elf/lib/mno-hw-mul\libc.a(lib_a-memset.o)
                0x00805718                memset
 .text          0x008057b0     0x108c c:/software/altera/10.1/nios2eds/bin/gnu/h-i686-mingw32/bin/../lib/gcc/nios2-elf/4.1.2/../../../../nios2-elf/lib/mno-hw-mul\libc.a(lib_a-mprec.o)
                0x008057b0                _Bfree
                0x008057d8                __hi0bits
                0x00805848                __lo0bits
                0x0080590c                __mcmp
                0x0080596c                __ulp
                0x008059ec                __b2d
                0x00805b0c                __ratio
                0x00805bbc                _mprec_log10
                0x00805c50                __copybits
                0x00805ca8                __any_on
                0x00805d30                _Balloc
                0x00805dec                __d2b
                0x00805f68                __mdiff
                0x008060f4                __lshift
                0x00806240                __multiply
                0x00806494                __i2b
                0x008064d0                __multadd
                0x008065fc                __pow5mult
                0x0080671c                __s2b
 .text          0x0080683c      0x5f4 c:/software/altera/10.1/nios2eds/bin/gnu/h-i686-mingw32/bin/../lib/gcc/nios2-elf/4.1.2/../../../../nios2-elf/lib/mno-hw-mul\libc.a(lib_a-reallocr.o)
                0x0080683c                _realloc_r
 .text          0x00806e30       0x40 c:/software/altera/10.1/nios2eds/bin/gnu/h-i686-mingw32/bin/../lib/gcc/nios2-elf/4.1.2/../../../../nios2-elf/lib/mno-hw-mul\libc.a(lib_a-s_isinfd.o)
                0x00806e30                __isinfd
 .text          0x00806e70       0x30 c:/software/altera/10.1/nios2eds/bin/gnu/h-i686-mingw32/bin/../lib/gcc/nios2-elf/4.1.2/../../../../nios2-elf/lib/mno-hw-mul\libc.a(lib_a-s_isnand.o)
                0x00806e70                __isnand
 .text          0x00806ea0       0x70 c:/software/altera/10.1/nios2eds/bin/gnu/h-i686-mingw32/bin/../lib/gcc/nios2-elf/4.1.2/../../../../nios2-elf/lib/mno-hw-mul\libc.a(lib_a-sbrkr.o)
                0x00806ea0                _sbrk_r
 .text          0x00806f10      0x14c c:/software/altera/10.1/nios2eds/bin/gnu/h-i686-mingw32/bin/../lib/gcc/nios2-elf/4.1.2/../../../../nios2-elf/lib/mno-hw-mul\libc.a(lib_a-stdio.o)
                0x00806f10                __sclose
                0x00806f18                __sseek
                0x00806f80                __swrite
                0x00806ffc                __sread
 .text          0x0080705c       0xbc c:/software/altera/10.1/nios2eds/bin/gnu/h-i686-mingw32/bin/../lib/gcc/nios2-elf/4.1.2/../../../../nios2-elf/lib/mno-hw-mul\libc.a(lib_a-strcmp.o)
                0x0080705c                strcmp
 .text          0x00807118       0x74 c:/software/altera/10.1/nios2eds/bin/gnu/h-i686-mingw32/bin/../lib/gcc/nios2-elf/4.1.2/../../../../nios2-elf/lib/mno-hw-mul\libc.a(lib_a-strlen.o)
                0x00807118                strlen
 .text          0x0080718c       0x78 c:/software/altera/10.1/nios2eds/bin/gnu/h-i686-mingw32/bin/../lib/gcc/nios2-elf/4.1.2/../../../../nios2-elf/lib/mno-hw-mul\libc.a(lib_a-writer.o)
                0x0080718c                _write_r
 .text          0x00807204       0xc8 c:/software/altera/10.1/nios2eds/bin/gnu/h-i686-mingw32/bin/../lib/gcc/nios2-elf/4.1.2/../../../../nios2-elf/lib/mno-hw-mul\libc.a(lib_a-callocr.o)
                0x00807204                _calloc_r
 .text          0x008072cc       0x70 c:/software/altera/10.1/nios2eds/bin/gnu/h-i686-mingw32/bin/../lib/gcc/nios2-elf/4.1.2/../../../../nios2-elf/lib/mno-hw-mul\libc.a(lib_a-closer.o)
                0x008072cc                _close_r
 .text          0x0080733c      0x124 c:/software/altera/10.1/nios2eds/bin/gnu/h-i686-mingw32/bin/../lib/gcc/nios2-elf/4.1.2/../../../../nios2-elf/lib/mno-hw-mul\libc.a(lib_a-fclose.o)
                0x0080733c                _fclose_r
                0x0080744c                fclose
 .text          0x00807460       0x74 c:/software/altera/10.1/nios2eds/bin/gnu/h-i686-mingw32/bin/../lib/gcc/nios2-elf/4.1.2/../../../../nios2-elf/lib/mno-hw-mul\libc.a(lib_a-fstatr.o)
                0x00807460                _fstat_r
 .text          0x008074d4        0x0 c:/software/altera/10.1/nios2eds/bin/gnu/h-i686-mingw32/bin/../lib/gcc/nios2-elf/4.1.2/../../../../nios2-elf/lib/mno-hw-mul\libc.a(lib_a-int_errno.o)
 .text          0x008074d4       0x70 c:/software/altera/10.1/nios2eds/bin/gnu/h-i686-mingw32/bin/../lib/gcc/nios2-elf/4.1.2/../../../../nios2-elf/lib/mno-hw-mul\libc.a(lib_a-isattyr.o)
                0x008074d4                _isatty_r
 .text          0x00807544       0x78 c:/software/altera/10.1/nios2eds/bin/gnu/h-i686-mingw32/bin/../lib/gcc/nios2-elf/4.1.2/../../../../nios2-elf/lib/mno-hw-mul\libc.a(lib_a-lseekr.o)
                0x00807544                _lseek_r
 .text          0x008075bc       0x78 c:/software/altera/10.1/nios2eds/bin/gnu/h-i686-mingw32/bin/../lib/gcc/nios2-elf/4.1.2/../../../../nios2-elf/lib/mno-hw-mul\libc.a(lib_a-readr.o)
                0x008075bc                _read_r
 .text          0x00807634      0x66c c:/software/altera/10.1/nios2eds/bin/gnu/h-i686-mingw32/bin/../lib/gcc/nios2-elf/4.1.2/mno-hw-mul\libgcc.a(_udivdi3.o)
                0x00807634                __udivdi3
 .text          0x00807ca0      0x660 c:/software/altera/10.1/nios2eds/bin/gnu/h-i686-mingw32/bin/../lib/gcc/nios2-elf/4.1.2/mno-hw-mul\libgcc.a(_umoddi3.o)
                0x00807ca0                __umoddi3
 .text          0x00808300      0x504 c:/software/altera/10.1/nios2eds/bin/gnu/h-i686-mingw32/bin/../lib/gcc/nios2-elf/4.1.2/mno-hw-mul\libgcc.a(_addsub_df.o)
                0x00808710                __subdf3
                0x00808790                __adddf3
 .text          0x00808804      0x3c4 c:/software/altera/10.1/nios2eds/bin/gnu/h-i686-mingw32/bin/../lib/gcc/nios2-elf/4.1.2/mno-hw-mul\libgcc.a(_mul_df.o)
                0x00808804                __muldf3
 .text          0x00808bc8      0x258 c:/software/altera/10.1/nios2eds/bin/gnu/h-i686-mingw32/bin/../lib/gcc/nios2-elf/4.1.2/mno-hw-mul\libgcc.a(_div_df.o)
                0x00808bc8                __divdf3
 .text          0x00808e20       0x88 c:/software/altera/10.1/nios2eds/bin/gnu/h-i686-mingw32/bin/../lib/gcc/nios2-elf/4.1.2/mno-hw-mul\libgcc.a(_eq_df.o)
                0x00808e20                __eqdf2
 .text          0x00808ea8       0x88 c:/software/altera/10.1/nios2eds/bin/gnu/h-i686-mingw32/bin/../lib/gcc/nios2-elf/4.1.2/mno-hw-mul\libgcc.a(_ne_df.o)
                0x00808ea8                __nedf2
 .text          0x00808f30       0x88 c:/software/altera/10.1/nios2eds/bin/gnu/h-i686-mingw32/bin/../lib/gcc/nios2-elf/4.1.2/mno-hw-mul\libgcc.a(_gt_df.o)
                0x00808f30                __gtdf2
 .text          0x00808fb8       0x88 c:/software/altera/10.1/nios2eds/bin/gnu/h-i686-mingw32/bin/../lib/gcc/nios2-elf/4.1.2/mno-hw-mul\libgcc.a(_ge_df.o)
                0x00808fb8                __gedf2
 .text          0x00809040       0x88 c:/software/altera/10.1/nios2eds/bin/gnu/h-i686-mingw32/bin/../lib/gcc/nios2-elf/4.1.2/mno-hw-mul\libgcc.a(_lt_df.o)
                0x00809040                __ltdf2
 .text          0x008090c8       0xf8 c:/software/altera/10.1/nios2eds/bin/gnu/h-i686-mingw32/bin/../lib/gcc/nios2-elf/4.1.2/mno-hw-mul\libgcc.a(_si_to_df.o)
                0x008090c8                __floatsidf
 .text          0x008091c0       0xd8 c:/software/altera/10.1/nios2eds/bin/gnu/h-i686-mingw32/bin/../lib/gcc/nios2-elf/4.1.2/mno-hw-mul\libgcc.a(_df_to_si.o)
                0x008091c0                __fixdfsi
 .text          0x00809298        0x0 c:/software/altera/10.1/nios2eds/bin/gnu/h-i686-mingw32/bin/../lib/gcc/nios2-elf/4.1.2/mno-hw-mul\libgcc.a(_thenan_df.o)
 .text          0x00809298      0x194 c:/software/altera/10.1/nios2eds/bin/gnu/h-i686-mingw32/bin/../lib/gcc/nios2-elf/4.1.2/mno-hw-mul\libgcc.a(_usi_to_df.o)
                0x00809298                __floatunsidf
 .text          0x0080942c      0x14c c:/software/altera/10.1/nios2eds/bin/gnu/h-i686-mingw32/bin/../lib/gcc/nios2-elf/4.1.2/mno-hw-mul\libgcc.a(lib2-divmod.o)
                0x008094a8                __divsi3
                0x00809508                __modsi3
                0x00809568                __udivsi3
                0x00809570                __umodsi3
 .text          0x00809578       0x38 c:/software/altera/10.1/nios2eds/bin/gnu/h-i686-mingw32/bin/../lib/gcc/nios2-elf/4.1.2/mno-hw-mul\libgcc.a(lib2-mul.o)
                0x00809578                __mulsi3
 .text          0x008095b0      0x124 c:/software/altera/10.1/nios2eds/bin/gnu/h-i686-mingw32/bin/../lib/gcc/nios2-elf/4.1.2/mno-hw-mul\libgcc.a(_muldi3.o)
                0x008095b0                __muldi3
 .text          0x008096d4        0x0 c:/software/altera/10.1/nios2eds/bin/gnu/h-i686-mingw32/bin/../lib/gcc/nios2-elf/4.1.2/mno-hw-mul\libgcc.a(_clz.o)
 .text          0x008096d4       0x80 c:/software/altera/10.1/nios2eds/bin/gnu/h-i686-mingw32/bin/../lib/gcc/nios2-elf/4.1.2/mno-hw-mul\libgcc.a(_clzsi2.o)
                0x008096d4                __clzsi2
 .text          0x00809754      0x314 c:/software/altera/10.1/nios2eds/bin/gnu/h-i686-mingw32/bin/../lib/gcc/nios2-elf/4.1.2/mno-hw-mul\libgcc.a(_pack_df.o)
                0x00809754                __pack_d
 .text          0x00809a68      0x138 c:/software/altera/10.1/nios2eds/bin/gnu/h-i686-mingw32/bin/../lib/gcc/nios2-elf/4.1.2/mno-hw-mul\libgcc.a(_unpack_df.o)
                0x00809a68                __unpack_d
 .text          0x00809ba0       0xc8 c:/software/altera/10.1/nios2eds/bin/gnu/h-i686-mingw32/bin/../lib/gcc/nios2-elf/4.1.2/mno-hw-mul\libgcc.a(_fpcmp_parts_df.o)
                0x00809ba0                __fpcmp_parts_d
 .text          0x00809c68      0x160 ../lab1_phase1_bsp\libhal_bsp.a(alt_close.o)
                0x00809c68                close
 .text          0x00809dc8       0x2c ../lab1_phase1_bsp\libhal_bsp.a(alt_dev.o)
 .text          0x00809df4        0x0 ../lab1_phase1_bsp\libhal_bsp.a(alt_errno.o)
 .text          0x00809df4      0x138 ../lab1_phase1_bsp\libhal_bsp.a(alt_fstat.o)
                0x00809df4                fstat
 .text          0x00809f2c      0x124 ../lab1_phase1_bsp\libhal_bsp.a(alt_isatty.o)
                0x00809f2c                isatty
 .text          0x0080a050       0xec ../lab1_phase1_bsp\libhal_bsp.a(alt_load.o)
                0x0080a050                alt_load
 .text          0x0080a13c      0x154 ../lab1_phase1_bsp\libhal_bsp.a(alt_lseek.o)
                0x0080a13c                lseek
 .text          0x0080a290       0x6c ../lab1_phase1_bsp\libhal_bsp.a(alt_main.o)
                0x0080a290                alt_main
 .text          0x0080a2fc       0x40 ../lab1_phase1_bsp\libhal_bsp.a(alt_malloc_lock.o)
                0x0080a2fc                __malloc_lock
                0x0080a31c                __malloc_unlock
 .text          0x0080a33c      0x184 ../lab1_phase1_bsp\libhal_bsp.a(alt_read.o)
                0x0080a33c                read
 .text          0x0080a4c0       0x78 ../lab1_phase1_bsp\libhal_bsp.a(alt_release_fd.o)
                0x0080a4c0                alt_release_fd
 .text          0x0080a538       0xbc ../lab1_phase1_bsp\libhal_bsp.a(alt_sbrk.o)
                0x0080a538                sbrk
 .text          0x0080a5f4      0x184 ../lab1_phase1_bsp\libhal_bsp.a(alt_write.o)
                0x0080a5f4                write
 .text          0x0080a778       0xe0 ../lab1_phase1_bsp\libhal_bsp.a(alt_sys_init.o)
                0x0080a778                alt_irq_init
                0x0080a7ac                alt_sys_init
 .text          0x0080a858      0x148 ../lab1_phase1_bsp\libhal_bsp.a(altera_avalon_jtag_uart_fd.o)
                0x0080a858                altera_avalon_jtag_uart_read_fd
                0x0080a8b0                altera_avalon_jtag_uart_write_fd
                0x0080a908                altera_avalon_jtag_uart_close_fd
                0x0080a950                altera_avalon_jtag_uart_ioctl_fd
 .text          0x0080a9a0      0x40c ../lab1_phase1_bsp\libhal_bsp.a(altera_avalon_jtag_uart_init.o)
                0x0080a9a0                altera_avalon_jtag_uart_init
                0x0080ad38                altera_avalon_jtag_uart_close
 .text          0x0080adac       0xf4 ../lab1_phase1_bsp\libhal_bsp.a(altera_avalon_jtag_uart_ioctl.o)
                0x0080adac                altera_avalon_jtag_uart_ioctl
 .text          0x0080aea0      0x224 ../lab1_phase1_bsp\libhal_bsp.a(altera_avalon_jtag_uart_read.o)
                0x0080aea0                altera_avalon_jtag_uart_read
 .text          0x0080b0c4      0x240 ../lab1_phase1_bsp\libhal_bsp.a(altera_avalon_jtag_uart_write.o)
                0x0080b0c4                altera_avalon_jtag_uart_write
 .text          0x0080b304      0xf80 ../lab1_phase1_bsp\libhal_bsp.a(altera_avalon_lcd_16207.o)
                0x0080bb40                altera_avalon_lcd_16207_write
                0x0080c148                altera_avalon_lcd_16207_init
 .text          0x0080c284       0x58 ../lab1_phase1_bsp\libhal_bsp.a(altera_avalon_lcd_16207_fd.o)
                0x0080c284                altera_avalon_lcd_16207_write_fd
 .text          0x0080c2dc      0x100 ../lab1_phase1_bsp\libhal_bsp.a(altera_avalon_timer_sc.o)
                0x0080c34c                alt_avalon_timer_sc_init
 .text          0x0080c3dc      0x154 ../lab1_phase1_bsp\libhal_bsp.a(alt_alarm_start.o)
                0x0080c3dc                alt_alarm_start
 .text          0x0080c530       0x1c ../lab1_phase1_bsp\libhal_bsp.a(alt_dcache_flush_all.o)
                0x0080c530                alt_dcache_flush_all
 .text          0x0080c54c      0x114 ../lab1_phase1_bsp\libhal_bsp.a(alt_dev_llist_insert.o)
                0x0080c54c                alt_dev_llist_insert
 .text          0x0080c660       0x64 ../lab1_phase1_bsp\libhal_bsp.a(alt_do_ctors.o)
                0x0080c660                _do_ctors
 .text          0x0080c6c4       0x64 ../lab1_phase1_bsp\libhal_bsp.a(alt_do_dtors.o)
                0x0080c6c4                _do_dtors
 .text          0x0080c728       0x30 ../lab1_phase1_bsp\libhal_bsp.a(alt_icache_flush_all.o)
                0x0080c728                alt_icache_flush_all
 .text          0x0080c758      0x1d4 ../lab1_phase1_bsp\libhal_bsp.a(alt_iic.o)
                0x0080c758                alt_ic_isr_register
                0x0080c7a8                alt_ic_irq_enable
                0x0080c844                alt_ic_irq_disable
                0x0080c8e4                alt_ic_irq_enabled
 .text          0x0080c92c       0xf8 ../lab1_phase1_bsp\libhal_bsp.a(alt_iic_isr_register.o)
                0x0080c92c                alt_iic_isr_register
 .text          0x0080ca24      0x150 ../lab1_phase1_bsp\libhal_bsp.a(alt_io_redirect.o)
                0x0080cafc                alt_io_redirect
 .text          0x0080cb74        0x0 ../lab1_phase1_bsp\libhal_bsp.a(alt_irq_entry.o)
 .text          0x0080cb74        0x0 ../lab1_phase1_bsp\libhal_bsp.a(alt_irq_handler.o)
 .text          0x0080cb74        0x0 ../lab1_phase1_bsp\libhal_bsp.a(alt_irq_vars.o)
 .text          0x0080cb74      0x2e4 ../lab1_phase1_bsp\libhal_bsp.a(alt_open.o)
                0x0080cc6c                open
 .text          0x0080ce58      0x1a4 ../lab1_phase1_bsp\libhal_bsp.a(alt_tick.o)
                0x0080ce58                alt_alarm_stop
                0x0080cef0                alt_tick
 .text          0x0080cffc       0x30 ../lab1_phase1_bsp\libhal_bsp.a(alt_usleep.o)
                0x0080cffc                usleep
 .text          0x0080d02c       0x20 ../lab1_phase1_bsp\libhal_bsp.a(altera_nios2_irq.o)
                0x0080d02c                altera_nios2_irq_init
 .text          0x0080d04c      0x15c ../lab1_phase1_bsp\libhal_bsp.a(alt_busy_sleep.o)
                0x0080d04c                alt_busy_sleep
 .text          0x0080d1a8        0x0 ../lab1_phase1_bsp\libhal_bsp.a(alt_exception_entry.o)
 .text          0x0080d1a8       0x94 ../lab1_phase1_bsp\libhal_bsp.a(alt_find_dev.o)
                0x0080d1a8                alt_find_dev
 .text          0x0080d23c      0x120 ../lab1_phase1_bsp\libhal_bsp.a(alt_find_file.o)
                0x0080d23c                alt_find_file
 .text          0x0080d35c       0xd0 ../lab1_phase1_bsp\libhal_bsp.a(alt_get_fd.o)
                0x0080d35c                alt_get_fd
 .text          0x0080d42c       0x90 ../lab1_phase1_bsp\libhal_bsp.a(alt_icache_flush.o)
                0x0080d42c                alt_icache_flush
 .text          0x0080d4bc       0x14 c:/software/altera/10.1/nios2eds/bin/gnu/h-i686-mingw32/bin/../lib/gcc/nios2-elf/4.1.2/../../../../nios2-elf/lib/mno-hw-mul\libc.a(lib_a-atexit.o)
                0x0080d4bc                atexit
 .text          0x0080d4d0        0x0 c:/software/altera/10.1/nios2eds/bin/gnu/h-i686-mingw32/bin/../lib/gcc/nios2-elf/4.1.2/../../../../nios2-elf/lib/mno-hw-mul\libc.a(lib_a-ctype_.o)
 .text          0x0080d4d0       0x38 c:/software/altera/10.1/nios2eds/bin/gnu/h-i686-mingw32/bin/../lib/gcc/nios2-elf/4.1.2/../../../../nios2-elf/lib/mno-hw-mul\libc.a(lib_a-exit.o)
                0x0080d4d0                exit
 .text          0x0080d508       0x74 c:/software/altera/10.1/nios2eds/bin/gnu/h-i686-mingw32/bin/../lib/gcc/nios2-elf/4.1.2/../../../../nios2-elf/lib/mno-hw-mul\libc.a(lib_a-memcmp.o)
                0x0080d508                memcmp
 .text          0x0080d57c      0x134 c:/software/altera/10.1/nios2eds/bin/gnu/h-i686-mingw32/bin/../lib/gcc/nios2-elf/4.1.2/../../../../nios2-elf/lib/mno-hw-mul\libc.a(lib_a-__atexit.o)
                0x0080d57c                __register_exitproc
 .text          0x0080d6b0      0x1b4 c:/software/altera/10.1/nios2eds/bin/gnu/h-i686-mingw32/bin/../lib/gcc/nios2-elf/4.1.2/../../../../nios2-elf/lib/mno-hw-mul\libc.a(lib_a-__call_atexit.o)
                0x0080d6b4                __call_exitprocs
 .text          0x0080d864       0x60 ../lab1_phase1_bsp\libhal_bsp.a(alt_exit.o)
                0x0080d8a4                _exit
 *(.gnu.warning.*)
 *(.fini)
                0x0080d8c4                PROVIDE (__etext, ABSOLUTE (.))
                0x0080d8c4                PROVIDE (_etext, ABSOLUTE (.))
                0x0080d8c4                PROVIDE (etext, ABSOLUTE (.))
 *(.eh_frame_hdr)
                0x0080d8c4                . = ALIGN (0x4)
                0x0080d8c4                PROVIDE (__preinit_array_start, ABSOLUTE (.))
 *(.preinit_array)
                0x0080d8c4                PROVIDE (__preinit_array_end, ABSOLUTE (.))
                0x0080d8c4                PROVIDE (__init_array_start, ABSOLUTE (.))
 *(.init_array)
                0x0080d8c4                PROVIDE (__init_array_end, ABSOLUTE (.))
                0x0080d8c4                PROVIDE (__fini_array_start, ABSOLUTE (.))
 *(.fini_array)
                0x0080d8c4                PROVIDE (__fini_array_end, ABSOLUTE (.))
 *(.eh_frame)
 .eh_frame      0x0080d8c4       0x40 c:/software/altera/10.1/nios2eds/bin/gnu/h-i686-mingw32/bin/../lib/gcc/nios2-elf/4.1.2/mno-hw-mul\libgcc.a(_udivdi3.o)
 .eh_frame      0x0080d904       0x2c c:/software/altera/10.1/nios2eds/bin/gnu/h-i686-mingw32/bin/../lib/gcc/nios2-elf/4.1.2/mno-hw-mul\libgcc.a(_umoddi3.o)
                                 0x40 (size before relaxing)
 *(.gcc_except_table)
 *(.dynamic)
                0x0080d930                PROVIDE (__CTOR_LIST__, ABSOLUTE (.))
 *(.ctors)
 *(SORT(.ctors.*))
 .ctors.65535   0x0080d930        0x4 c:/software/altera/10.1/nios2eds/bin/gnu/h-i686-mingw32/bin/../lib/gcc/nios2-elf/4.1.2/../../../../nios2-elf/lib/mno-hw-mul\libc.a(lib_a-__call_atexit.o)
                0x0080d934                PROVIDE (__CTOR_END__, ABSOLUTE (.))
                0x0080d934                PROVIDE (__DTOR_LIST__, ABSOLUTE (.))
 *(.dtors)
 *(SORT(.dtors.*))
                0x0080d934                PROVIDE (__DTOR_END__, ABSOLUTE (.))
 *(.jcr)
                0x0080d934                . = ALIGN (0x4)

.rodata         0x0080d934      0x5f0
                0x0080d934                PROVIDE (__ram_rodata_start, ABSOLUTE (.))
                0x0080d934                . = ALIGN (0x4)
 *(.rodata .rodata.* .gnu.linkonce.r.*)
 .rodata        0x0080d934       0x18 obj/lab1_phase1.o
 .rodata.str1.4
                0x0080d94c       0x5e c:/software/altera/10.1/nios2eds/bin/gnu/h-i686-mingw32/bin/../lib/gcc/nios2-elf/4.1.2/../../../../nios2-elf/lib/mno-hw-mul\libc.a(lib_a-vfprintf.o)
                                 0x60 (size before relaxing)
 .rodata        0x0080d9aa       0x20 c:/software/altera/10.1/nios2eds/bin/gnu/h-i686-mingw32/bin/../lib/gcc/nios2-elf/4.1.2/../../../../nios2-elf/lib/mno-hw-mul\libc.a(lib_a-vfprintf.o)
 *fill*         0x0080d9ca        0x2 00
 .rodata.str1.4
                0x0080d9cc       0x10 c:/software/altera/10.1/nios2eds/bin/gnu/h-i686-mingw32/bin/../lib/gcc/nios2-elf/4.1.2/../../../../nios2-elf/lib/mno-hw-mul\libc.a(lib_a-dtoa.o)
                                 0x14 (size before relaxing)
 .rodata.str1.4
                0x0080d9dc        0x2 c:/software/altera/10.1/nios2eds/bin/gnu/h-i686-mingw32/bin/../lib/gcc/nios2-elf/4.1.2/../../../../nios2-elf/lib/mno-hw-mul\libc.a(lib_a-impure.o)
                                  0x4 (size before relaxing)
 *fill*         0x0080d9de        0x2 00
 .rodata.str1.4
                0x0080d9e0       0x10 c:/software/altera/10.1/nios2eds/bin/gnu/h-i686-mingw32/bin/../lib/gcc/nios2-elf/4.1.2/../../../../nios2-elf/lib/mno-hw-mul\libc.a(lib_a-locale.o)
                                 0x18 (size before relaxing)
 .rodata        0x0080d9f0       0x30 c:/software/altera/10.1/nios2eds/bin/gnu/h-i686-mingw32/bin/../lib/gcc/nios2-elf/4.1.2/../../../../nios2-elf/lib/mno-hw-mul\libc.a(lib_a-locale.o)
 .rodata        0x0080da20      0x124 c:/software/altera/10.1/nios2eds/bin/gnu/h-i686-mingw32/bin/../lib/gcc/nios2-elf/4.1.2/../../../../nios2-elf/lib/mno-hw-mul\libc.a(lib_a-mprec.o)
                0x0080da20                __mprec_tens
                0x0080dae8                __mprec_bigtens
                0x0080db10                __mprec_tinytens
 .rodata        0x0080db44       0x14 c:/software/altera/10.1/nios2eds/bin/gnu/h-i686-mingw32/bin/../lib/gcc/nios2-elf/4.1.2/mno-hw-mul\libgcc.a(_thenan_df.o)
                0x0080db44                __thenan_df
 .rodata        0x0080db58      0x100 c:/software/altera/10.1/nios2eds/bin/gnu/h-i686-mingw32/bin/../lib/gcc/nios2-elf/4.1.2/mno-hw-mul\libgcc.a(_clz.o)
                0x0080db58                __clz_tab
 .rodata        0x0080dc58        0xc ../lab1_phase1_bsp\libhal_bsp.a(alt_dev.o)
 .rodata        0x0080dc64       0x14 ../lab1_phase1_bsp\libhal_bsp.a(alt_main.o)
 .rodata        0x0080dc78       0x28 ../lab1_phase1_bsp\libhal_bsp.a(alt_sys_init.o)
 .rodata        0x0080dca0      0x281 c:/software/altera/10.1/nios2eds/bin/gnu/h-i686-mingw32/bin/../lib/gcc/nios2-elf/4.1.2/../../../../nios2-elf/lib/mno-hw-mul\libc.a(lib_a-ctype_.o)
                0x0080dca0                _ctype_
 *(.rodata1)
                0x0080df24                . = ALIGN (0x4)
 *fill*         0x0080df21        0x3 00
                0x0080df24                PROVIDE (__ram_rodata_end, ABSOLUTE (.))
                0x0080d934                PROVIDE (__flash_rodata_start, LOADADDR (.rodata))

.rwdata         0x0080df24     0x1b84 load address 0x0080faa8
                0x0080df24                PROVIDE (__ram_rwdata_start, ABSOLUTE (.))
                0x0080df24                . = ALIGN (0x4)
 *(.got.plt)
 *(.got)
 *(.data1)
 *(.data .data.* .gnu.linkonce.d.*)
 .data          0x0080df24        0x0 ../lab1_phase1_bsp/obj/HAL/src/crt0.o
 .data          0x0080df24        0x0 obj/lab1_phase1.o
 .data          0x0080df24        0x0 c:/software/altera/10.1/nios2eds/bin/gnu/h-i686-mingw32/bin/../lib/gcc/nios2-elf/4.1.2/../../../../nios2-elf/lib/mno-hw-mul\libc.a(lib_a-printf.o)
 .data          0x0080df24        0x0 c:/software/altera/10.1/nios2eds/bin/gnu/h-i686-mingw32/bin/../lib/gcc/nios2-elf/4.1.2/../../../../nios2-elf/lib/mno-hw-mul\libc.a(lib_a-vfprintf.o)
 .data          0x0080df24        0x0 c:/software/altera/10.1/nios2eds/bin/gnu/h-i686-mingw32/bin/../lib/gcc/nios2-elf/4.1.2/../../../../nios2-elf/lib/mno-hw-mul\libc.a(lib_a-wsetup.o)
 .data          0x0080df24        0x0 c:/software/altera/10.1/nios2eds/bin/gnu/h-i686-mingw32/bin/../lib/gcc/nios2-elf/4.1.2/../../../../nios2-elf/lib/mno-hw-mul\libc.a(lib_a-dtoa.o)
 .data          0x0080df24        0x0 c:/software/altera/10.1/nios2eds/bin/gnu/h-i686-mingw32/bin/../lib/gcc/nios2-elf/4.1.2/../../../../nios2-elf/lib/mno-hw-mul\libc.a(lib_a-fflush.o)
 .data          0x0080df24        0x0 c:/software/altera/10.1/nios2eds/bin/gnu/h-i686-mingw32/bin/../lib/gcc/nios2-elf/4.1.2/../../../../nios2-elf/lib/mno-hw-mul\libc.a(lib_a-findfp.o)
 .data          0x0080df24        0x0 c:/software/altera/10.1/nios2eds/bin/gnu/h-i686-mingw32/bin/../lib/gcc/nios2-elf/4.1.2/../../../../nios2-elf/lib/mno-hw-mul\libc.a(lib_a-freer.o)
 .data          0x0080df24        0x0 c:/software/altera/10.1/nios2eds/bin/gnu/h-i686-mingw32/bin/../lib/gcc/nios2-elf/4.1.2/../../../../nios2-elf/lib/mno-hw-mul\libc.a(lib_a-fvwrite.o)
 .data          0x0080df24        0x0 c:/software/altera/10.1/nios2eds/bin/gnu/h-i686-mingw32/bin/../lib/gcc/nios2-elf/4.1.2/../../../../nios2-elf/lib/mno-hw-mul\libc.a(lib_a-fwalk.o)
 .data          0x0080df24      0x400 c:/software/altera/10.1/nios2eds/bin/gnu/h-i686-mingw32/bin/../lib/gcc/nios2-elf/4.1.2/../../../../nios2-elf/lib/mno-hw-mul\libc.a(lib_a-impure.o)
 .data          0x0080e324        0xc c:/software/altera/10.1/nios2eds/bin/gnu/h-i686-mingw32/bin/../lib/gcc/nios2-elf/4.1.2/../../../../nios2-elf/lib/mno-hw-mul\libc.a(lib_a-locale.o)
                0x0080e324                __lc_ctype
 .data          0x0080e330        0x0 c:/software/altera/10.1/nios2eds/bin/gnu/h-i686-mingw32/bin/../lib/gcc/nios2-elf/4.1.2/../../../../nios2-elf/lib/mno-hw-mul\libc.a(lib_a-makebuf.o)
 .data          0x0080e330      0x408 c:/software/altera/10.1/nios2eds/bin/gnu/h-i686-mingw32/bin/../lib/gcc/nios2-elf/4.1.2/../../../../nios2-elf/lib/mno-hw-mul\libc.a(lib_a-mallocr.o)
                0x0080e330                __malloc_av_
 .data          0x0080e738        0x0 c:/software/altera/10.1/nios2eds/bin/gnu/h-i686-mingw32/bin/../lib/gcc/nios2-elf/4.1.2/../../../../nios2-elf/lib/mno-hw-mul\libc.a(lib_a-memchr.o)
 .data          0x0080e738        0x0 c:/software/altera/10.1/nios2eds/bin/gnu/h-i686-mingw32/bin/../lib/gcc/nios2-elf/4.1.2/../../../../nios2-elf/lib/mno-hw-mul\libc.a(lib_a-memcpy.o)
 .data          0x0080e738        0x0 c:/software/altera/10.1/nios2eds/bin/gnu/h-i686-mingw32/bin/../lib/gcc/nios2-elf/4.1.2/../../../../nios2-elf/lib/mno-hw-mul\libc.a(lib_a-memmove.o)
 .data          0x0080e738        0x0 c:/software/altera/10.1/nios2eds/bin/gnu/h-i686-mingw32/bin/../lib/gcc/nios2-elf/4.1.2/../../../../nios2-elf/lib/mno-hw-mul\libc.a(lib_a-memset.o)
 .data          0x0080e738        0x0 c:/software/altera/10.1/nios2eds/bin/gnu/h-i686-mingw32/bin/../lib/gcc/nios2-elf/4.1.2/../../../../nios2-elf/lib/mno-hw-mul\libc.a(lib_a-mprec.o)
 .data          0x0080e738        0x0 c:/software/altera/10.1/nios2eds/bin/gnu/h-i686-mingw32/bin/../lib/gcc/nios2-elf/4.1.2/../../../../nios2-elf/lib/mno-hw-mul\libc.a(lib_a-reallocr.o)
 .data          0x0080e738        0x0 c:/software/altera/10.1/nios2eds/bin/gnu/h-i686-mingw32/bin/../lib/gcc/nios2-elf/4.1.2/../../../../nios2-elf/lib/mno-hw-mul\libc.a(lib_a-s_isinfd.o)
 .data          0x0080e738        0x0 c:/software/altera/10.1/nios2eds/bin/gnu/h-i686-mingw32/bin/../lib/gcc/nios2-elf/4.1.2/../../../../nios2-elf/lib/mno-hw-mul\libc.a(lib_a-s_isnand.o)
 .data          0x0080e738        0x0 c:/software/altera/10.1/nios2eds/bin/gnu/h-i686-mingw32/bin/../lib/gcc/nios2-elf/4.1.2/../../../../nios2-elf/lib/mno-hw-mul\libc.a(lib_a-sbrkr.o)
 .data          0x0080e738        0x0 c:/software/altera/10.1/nios2eds/bin/gnu/h-i686-mingw32/bin/../lib/gcc/nios2-elf/4.1.2/../../../../nios2-elf/lib/mno-hw-mul\libc.a(lib_a-stdio.o)
 .data          0x0080e738        0x0 c:/software/altera/10.1/nios2eds/bin/gnu/h-i686-mingw32/bin/../lib/gcc/nios2-elf/4.1.2/../../../../nios2-elf/lib/mno-hw-mul\libc.a(lib_a-strcmp.o)
 .data          0x0080e738        0x0 c:/software/altera/10.1/nios2eds/bin/gnu/h-i686-mingw32/bin/../lib/gcc/nios2-elf/4.1.2/../../../../nios2-elf/lib/mno-hw-mul\libc.a(lib_a-strlen.o)
 .data          0x0080e738        0x0 c:/software/altera/10.1/nios2eds/bin/gnu/h-i686-mingw32/bin/../lib/gcc/nios2-elf/4.1.2/../../../../nios2-elf/lib/mno-hw-mul\libc.a(lib_a-writer.o)
 .data          0x0080e738        0x0 c:/software/altera/10.1/nios2eds/bin/gnu/h-i686-mingw32/bin/../lib/gcc/nios2-elf/4.1.2/../../../../nios2-elf/lib/mno-hw-mul\libc.a(lib_a-callocr.o)
 .data          0x0080e738        0x0 c:/software/altera/10.1/nios2eds/bin/gnu/h-i686-mingw32/bin/../lib/gcc/nios2-elf/4.1.2/../../../../nios2-elf/lib/mno-hw-mul\libc.a(lib_a-closer.o)
 .data          0x0080e738        0x0 c:/software/altera/10.1/nios2eds/bin/gnu/h-i686-mingw32/bin/../lib/gcc/nios2-elf/4.1.2/../../../../nios2-elf/lib/mno-hw-mul\libc.a(lib_a-fclose.o)
 .data          0x0080e738        0x0 c:/software/altera/10.1/nios2eds/bin/gnu/h-i686-mingw32/bin/../lib/gcc/nios2-elf/4.1.2/../../../../nios2-elf/lib/mno-hw-mul\libc.a(lib_a-fstatr.o)
 .data          0x0080e738        0x0 c:/software/altera/10.1/nios2eds/bin/gnu/h-i686-mingw32/bin/../lib/gcc/nios2-elf/4.1.2/../../../../nios2-elf/lib/mno-hw-mul\libc.a(lib_a-int_errno.o)
 .data          0x0080e738        0x0 c:/software/altera/10.1/nios2eds/bin/gnu/h-i686-mingw32/bin/../lib/gcc/nios2-elf/4.1.2/../../../../nios2-elf/lib/mno-hw-mul\libc.a(lib_a-isattyr.o)
 .data          0x0080e738        0x0 c:/software/altera/10.1/nios2eds/bin/gnu/h-i686-mingw32/bin/../lib/gcc/nios2-elf/4.1.2/../../../../nios2-elf/lib/mno-hw-mul\libc.a(lib_a-lseekr.o)
 .data          0x0080e738        0x0 c:/software/altera/10.1/nios2eds/bin/gnu/h-i686-mingw32/bin/../lib/gcc/nios2-elf/4.1.2/../../../../nios2-elf/lib/mno-hw-mul\libc.a(lib_a-readr.o)
 .data          0x0080e738        0x0 c:/software/altera/10.1/nios2eds/bin/gnu/h-i686-mingw32/bin/../lib/gcc/nios2-elf/4.1.2/mno-hw-mul\libgcc.a(_udivdi3.o)
 .data          0x0080e738        0x0 c:/software/altera/10.1/nios2eds/bin/gnu/h-i686-mingw32/bin/../lib/gcc/nios2-elf/4.1.2/mno-hw-mul\libgcc.a(_umoddi3.o)
 .data          0x0080e738        0x0 c:/software/altera/10.1/nios2eds/bin/gnu/h-i686-mingw32/bin/../lib/gcc/nios2-elf/4.1.2/mno-hw-mul\libgcc.a(_addsub_df.o)
 .data          0x0080e738        0x0 c:/software/altera/10.1/nios2eds/bin/gnu/h-i686-mingw32/bin/../lib/gcc/nios2-elf/4.1.2/mno-hw-mul\libgcc.a(_mul_df.o)
 .data          0x0080e738        0x0 c:/software/altera/10.1/nios2eds/bin/gnu/h-i686-mingw32/bin/../lib/gcc/nios2-elf/4.1.2/mno-hw-mul\libgcc.a(_div_df.o)
 .data          0x0080e738        0x0 c:/software/altera/10.1/nios2eds/bin/gnu/h-i686-mingw32/bin/../lib/gcc/nios2-elf/4.1.2/mno-hw-mul\libgcc.a(_eq_df.o)
 .data          0x0080e738        0x0 c:/software/altera/10.1/nios2eds/bin/gnu/h-i686-mingw32/bin/../lib/gcc/nios2-elf/4.1.2/mno-hw-mul\libgcc.a(_ne_df.o)
 .data          0x0080e738        0x0 c:/software/altera/10.1/nios2eds/bin/gnu/h-i686-mingw32/bin/../lib/gcc/nios2-elf/4.1.2/mno-hw-mul\libgcc.a(_gt_df.o)
 .data          0x0080e738        0x0 c:/software/altera/10.1/nios2eds/bin/gnu/h-i686-mingw32/bin/../lib/gcc/nios2-elf/4.1.2/mno-hw-mul\libgcc.a(_ge_df.o)
 .data          0x0080e738        0x0 c:/software/altera/10.1/nios2eds/bin/gnu/h-i686-mingw32/bin/../lib/gcc/nios2-elf/4.1.2/mno-hw-mul\libgcc.a(_lt_df.o)
 .data          0x0080e738        0x0 c:/software/altera/10.1/nios2eds/bin/gnu/h-i686-mingw32/bin/../lib/gcc/nios2-elf/4.1.2/mno-hw-mul\libgcc.a(_si_to_df.o)
 .data          0x0080e738        0x0 c:/software/altera/10.1/nios2eds/bin/gnu/h-i686-mingw32/bin/../lib/gcc/nios2-elf/4.1.2/mno-hw-mul\libgcc.a(_df_to_si.o)
 .data          0x0080e738        0x0 c:/software/altera/10.1/nios2eds/bin/gnu/h-i686-mingw32/bin/../lib/gcc/nios2-elf/4.1.2/mno-hw-mul\libgcc.a(_thenan_df.o)
 .data          0x0080e738        0x0 c:/software/altera/10.1/nios2eds/bin/gnu/h-i686-mingw32/bin/../lib/gcc/nios2-elf/4.1.2/mno-hw-mul\libgcc.a(_usi_to_df.o)
 .data          0x0080e738        0x0 c:/software/altera/10.1/nios2eds/bin/gnu/h-i686-mingw32/bin/../lib/gcc/nios2-elf/4.1.2/mno-hw-mul\libgcc.a(lib2-divmod.o)
 .data          0x0080e738        0x0 c:/software/altera/10.1/nios2eds/bin/gnu/h-i686-mingw32/bin/../lib/gcc/nios2-elf/4.1.2/mno-hw-mul\libgcc.a(lib2-mul.o)
 .data          0x0080e738        0x0 c:/software/altera/10.1/nios2eds/bin/gnu/h-i686-mingw32/bin/../lib/gcc/nios2-elf/4.1.2/mno-hw-mul\libgcc.a(_muldi3.o)
 .data          0x0080e738        0x0 c:/software/altera/10.1/nios2eds/bin/gnu/h-i686-mingw32/bin/../lib/gcc/nios2-elf/4.1.2/mno-hw-mul\libgcc.a(_clz.o)
 .data          0x0080e738        0x0 c:/software/altera/10.1/nios2eds/bin/gnu/h-i686-mingw32/bin/../lib/gcc/nios2-elf/4.1.2/mno-hw-mul\libgcc.a(_clzsi2.o)
 .data          0x0080e738        0x0 c:/software/altera/10.1/nios2eds/bin/gnu/h-i686-mingw32/bin/../lib/gcc/nios2-elf/4.1.2/mno-hw-mul\libgcc.a(_pack_df.o)
 .data          0x0080e738        0x0 c:/software/altera/10.1/nios2eds/bin/gnu/h-i686-mingw32/bin/../lib/gcc/nios2-elf/4.1.2/mno-hw-mul\libgcc.a(_unpack_df.o)
 .data          0x0080e738        0x0 c:/software/altera/10.1/nios2eds/bin/gnu/h-i686-mingw32/bin/../lib/gcc/nios2-elf/4.1.2/mno-hw-mul\libgcc.a(_fpcmp_parts_df.o)
 .data          0x0080e738        0x0 ../lab1_phase1_bsp\libhal_bsp.a(alt_close.o)
 .data          0x0080e738      0x1a8 ../lab1_phase1_bsp\libhal_bsp.a(alt_dev.o)
                0x0080e738                alt_dev_null
                0x0080e760                alt_fd_list
 .data          0x0080e8e0        0x0 ../lab1_phase1_bsp\libhal_bsp.a(alt_errno.o)
 .data          0x0080e8e0        0x0 ../lab1_phase1_bsp\libhal_bsp.a(alt_fstat.o)
 .data          0x0080e8e0        0x0 ../lab1_phase1_bsp\libhal_bsp.a(alt_isatty.o)
 .data          0x0080e8e0        0x0 ../lab1_phase1_bsp\libhal_bsp.a(alt_load.o)
 .data          0x0080e8e0        0x0 ../lab1_phase1_bsp\libhal_bsp.a(alt_lseek.o)
 .data          0x0080e8e0        0x0 ../lab1_phase1_bsp\libhal_bsp.a(alt_main.o)
 .data          0x0080e8e0        0x0 ../lab1_phase1_bsp\libhal_bsp.a(alt_malloc_lock.o)
 .data          0x0080e8e0        0x0 ../lab1_phase1_bsp\libhal_bsp.a(alt_read.o)
 .data          0x0080e8e0        0x0 ../lab1_phase1_bsp\libhal_bsp.a(alt_release_fd.o)
 .data          0x0080e8e0        0x0 ../lab1_phase1_bsp\libhal_bsp.a(alt_sbrk.o)
 .data          0x0080e8e0        0x0 ../lab1_phase1_bsp\libhal_bsp.a(alt_write.o)
 .data          0x0080e8e0     0x1180 ../lab1_phase1_bsp\libhal_bsp.a(alt_sys_init.o)
 .data          0x0080fa60        0x0 ../lab1_phase1_bsp\libhal_bsp.a(altera_avalon_jtag_uart_fd.o)
 .data          0x0080fa60        0x0 ../lab1_phase1_bsp\libhal_bsp.a(altera_avalon_jtag_uart_init.o)
 .data          0x0080fa60        0x0 ../lab1_phase1_bsp\libhal_bsp.a(altera_avalon_jtag_uart_ioctl.o)
 .data          0x0080fa60        0x0 ../lab1_phase1_bsp\libhal_bsp.a(altera_avalon_jtag_uart_read.o)
 .data          0x0080fa60        0x0 ../lab1_phase1_bsp\libhal_bsp.a(altera_avalon_jtag_uart_write.o)
 .data          0x0080fa60        0x0 ../lab1_phase1_bsp\libhal_bsp.a(altera_avalon_lcd_16207.o)
 .data          0x0080fa60        0x0 ../lab1_phase1_bsp\libhal_bsp.a(altera_avalon_lcd_16207_fd.o)
 .data          0x0080fa60        0x0 ../lab1_phase1_bsp\libhal_bsp.a(altera_avalon_timer_sc.o)
 .data          0x0080fa60        0x0 ../lab1_phase1_bsp\libhal_bsp.a(alt_alarm_start.o)
 .data          0x0080fa60        0x0 ../lab1_phase1_bsp\libhal_bsp.a(alt_dcache_flush_all.o)
 .data          0x0080fa60        0x0 ../lab1_phase1_bsp\libhal_bsp.a(alt_dev_llist_insert.o)
 .data          0x0080fa60        0x0 ../lab1_phase1_bsp\libhal_bsp.a(alt_do_ctors.o)
 .data          0x0080fa60        0x0 ../lab1_phase1_bsp\libhal_bsp.a(alt_do_dtors.o)
 .data          0x0080fa60        0x0 ../lab1_phase1_bsp\libhal_bsp.a(alt_icache_flush_all.o)
 .data          0x0080fa60        0x0 ../lab1_phase1_bsp\libhal_bsp.a(alt_iic.o)
 .data          0x0080fa60        0x0 ../lab1_phase1_bsp\libhal_bsp.a(alt_iic_isr_register.o)
 .data          0x0080fa60        0x0 ../lab1_phase1_bsp\libhal_bsp.a(alt_io_redirect.o)
 .data          0x0080fa60        0x0 ../lab1_phase1_bsp\libhal_bsp.a(alt_irq_entry.o)
 .data          0x0080fa60        0x0 ../lab1_phase1_bsp\libhal_bsp.a(alt_irq_handler.o)
 .data          0x0080fa60        0x0 ../lab1_phase1_bsp\libhal_bsp.a(alt_irq_vars.o)
 .data          0x0080fa60        0x0 ../lab1_phase1_bsp\libhal_bsp.a(alt_open.o)
 .data          0x0080fa60        0x0 ../lab1_phase1_bsp\libhal_bsp.a(alt_tick.o)
 .data          0x0080fa60        0x0 ../lab1_phase1_bsp\libhal_bsp.a(alt_usleep.o)
 .data          0x0080fa60        0x0 ../lab1_phase1_bsp\libhal_bsp.a(altera_nios2_irq.o)
 .data          0x0080fa60        0x0 ../lab1_phase1_bsp\libhal_bsp.a(alt_busy_sleep.o)
 .data          0x0080fa60        0x0 ../lab1_phase1_bsp\libhal_bsp.a(alt_exception_entry.o)
 .data          0x0080fa60        0x0 ../lab1_phase1_bsp\libhal_bsp.a(alt_find_dev.o)
 .data          0x0080fa60        0x0 ../lab1_phase1_bsp\libhal_bsp.a(alt_find_file.o)
 .data          0x0080fa60        0x0 ../lab1_phase1_bsp\libhal_bsp.a(alt_get_fd.o)
 .data          0x0080fa60        0x0 ../lab1_phase1_bsp\libhal_bsp.a(alt_icache_flush.o)
 .data          0x0080fa60        0x0 c:/software/altera/10.1/nios2eds/bin/gnu/h-i686-mingw32/bin/../lib/gcc/nios2-elf/4.1.2/../../../../nios2-elf/lib/mno-hw-mul\libc.a(lib_a-atexit.o)
 .data          0x0080fa60        0x0 c:/software/altera/10.1/nios2eds/bin/gnu/h-i686-mingw32/bin/../lib/gcc/nios2-elf/4.1.2/../../../../nios2-elf/lib/mno-hw-mul\libc.a(lib_a-ctype_.o)
 .data          0x0080fa60        0x0 c:/software/altera/10.1/nios2eds/bin/gnu/h-i686-mingw32/bin/../lib/gcc/nios2-elf/4.1.2/../../../../nios2-elf/lib/mno-hw-mul\libc.a(lib_a-exit.o)
 .data          0x0080fa60        0x0 c:/software/altera/10.1/nios2eds/bin/gnu/h-i686-mingw32/bin/../lib/gcc/nios2-elf/4.1.2/../../../../nios2-elf/lib/mno-hw-mul\libc.a(lib_a-memcmp.o)
 .data          0x0080fa60        0x0 c:/software/altera/10.1/nios2eds/bin/gnu/h-i686-mingw32/bin/../lib/gcc/nios2-elf/4.1.2/../../../../nios2-elf/lib/mno-hw-mul\libc.a(lib_a-__atexit.o)
 .data          0x0080fa60        0x0 c:/software/altera/10.1/nios2eds/bin/gnu/h-i686-mingw32/bin/../lib/gcc/nios2-elf/4.1.2/../../../../nios2-elf/lib/mno-hw-mul\libc.a(lib_a-__call_atexit.o)
 .data          0x0080fa60        0x0 ../lab1_phase1_bsp\libhal_bsp.a(alt_exit.o)
                0x00817a60                _gp = ABSOLUTE ((. + 0x8000))
                0x00817a60                PROVIDE (gp, _gp)
 *(.sdata .sdata.* .gnu.linkonce.s.*)
 .sdata         0x0080fa60        0x8 c:/software/altera/10.1/nios2eds/bin/gnu/h-i686-mingw32/bin/../lib/gcc/nios2-elf/4.1.2/../../../../nios2-elf/lib/mno-hw-mul\libc.a(lib_a-impure.o)
                0x0080fa60                _impure_ptr
                0x0080fa64                _global_impure_ptr
 .sdata         0x0080fa68        0x8 c:/software/altera/10.1/nios2eds/bin/gnu/h-i686-mingw32/bin/../lib/gcc/nios2-elf/4.1.2/../../../../nios2-elf/lib/mno-hw-mul\libc.a(lib_a-locale.o)
                0x0080fa68                __mb_cur_max
 .sdata         0x0080fa70        0x8 c:/software/altera/10.1/nios2eds/bin/gnu/h-i686-mingw32/bin/../lib/gcc/nios2-elf/4.1.2/../../../../nios2-elf/lib/mno-hw-mul\libc.a(lib_a-mallocr.o)
                0x0080fa70                __malloc_trim_threshold
                0x0080fa74                __malloc_sbrk_base
 .sdata         0x0080fa78       0x14 ../lab1_phase1_bsp\libhal_bsp.a(alt_dev.o)
                0x0080fa78                alt_fs_list
                0x0080fa80                alt_dev_list
                0x0080fa88                alt_max_fd
 .sdata         0x0080fa8c        0x4 ../lab1_phase1_bsp\libhal_bsp.a(alt_errno.o)
                0x0080fa8c                alt_errno
 .sdata         0x0080fa90        0x4 ../lab1_phase1_bsp\libhal_bsp.a(alt_sbrk.o)
 .sdata         0x0080fa94        0x4 ../lab1_phase1_bsp\libhal_bsp.a(altera_avalon_lcd_16207.o)
 .sdata         0x0080fa98        0x4 ../lab1_phase1_bsp\libhal_bsp.a(alt_irq_vars.o)
                0x0080fa98                alt_priority_mask
 .sdata         0x0080fa9c        0x8 ../lab1_phase1_bsp\libhal_bsp.a(alt_tick.o)
                0x0080fa9c                alt_alarm_list
 .sdata         0x0080faa4        0x4 c:/software/altera/10.1/nios2eds/bin/gnu/h-i686-mingw32/bin/../lib/gcc/nios2-elf/4.1.2/../../../../nios2-elf/lib/mno-hw-mul\libc.a(lib_a-ctype_.o)
                0x0080faa4                __ctype_ptr
 *(.sdata2 .sdata2.* .gnu.linkonce.s2.*)
                0x0080faa8                . = ALIGN (0x4)
                0x0080faa8                _edata = ABSOLUTE (.)
                0x0080faa8                PROVIDE (edata, ABSOLUTE (.))
                0x0080faa8                PROVIDE (__ram_rwdata_end, ABSOLUTE (.))
                0x0080faa8                PROVIDE (__flash_rwdata_start, LOADADDR (.rwdata))

.bss            0x0081162c      0x2ec
                0x0081162c                __bss_start = ABSOLUTE (.)
                0x0081162c                PROVIDE (__sbss_start, ABSOLUTE (.))
                0x0081162c                PROVIDE (___sbss_start, ABSOLUTE (.))
 *(.dynsbss)
 *(.sbss .sbss.* .gnu.linkonce.sb.*)
 .sbss          0x0081162c        0xc c:/software/altera/10.1/nios2eds/bin/gnu/h-i686-mingw32/bin/../lib/gcc/nios2-elf/4.1.2/../../../../nios2-elf/lib/mno-hw-mul\libc.a(lib_a-locale.o)
                0x0081162c                __nlocale_changed
                0x00811630                __mlocale_changed
                0x00811634                _PathLocale
 .sbss          0x00811638        0xc c:/software/altera/10.1/nios2eds/bin/gnu/h-i686-mingw32/bin/../lib/gcc/nios2-elf/4.1.2/../../../../nios2-elf/lib/mno-hw-mul\libc.a(lib_a-mallocr.o)
                0x00811638                __malloc_top_pad
                0x0081163c                __malloc_max_sbrked_mem
                0x00811640                __malloc_max_total_mem
 .sbss          0x00811644        0x4 c:/software/altera/10.1/nios2eds/bin/gnu/h-i686-mingw32/bin/../lib/gcc/nios2-elf/4.1.2/../../../../nios2-elf/lib/mno-hw-mul\libc.a(lib_a-int_errno.o)
                0x00811644                errno
 .sbss          0x00811648        0xc ../lab1_phase1_bsp\libhal_bsp.a(alt_main.o)
                0x00811648                alt_argc
                0x0081164c                alt_argv
                0x00811650                alt_envp
 .sbss          0x00811654        0x4 ../lab1_phase1_bsp\libhal_bsp.a(alt_irq_vars.o)
                0x00811654                alt_irq_active
 .sbss          0x00811658        0x8 ../lab1_phase1_bsp\libhal_bsp.a(alt_tick.o)
                0x00811658                _alt_tick_rate
                0x0081165c                _alt_nticks
 *(.sbss2 .sbss2.* .gnu.linkonce.sb2.*)
 *(.scommon)
                0x00811660                PROVIDE (__sbss_end, ABSOLUTE (.))
                0x00811660                PROVIDE (___sbss_end, ABSOLUTE (.))
 *(.dynbss)
 *(.bss .bss.* .gnu.linkonce.b.*)
 .bss           0x00811660        0x0 ../lab1_phase1_bsp/obj/HAL/src/crt0.o
 .bss           0x00811660        0x0 obj/lab1_phase1.o
 .bss           0x00811660        0x0 c:/software/altera/10.1/nios2eds/bin/gnu/h-i686-mingw32/bin/../lib/gcc/nios2-elf/4.1.2/../../../../nios2-elf/lib/mno-hw-mul\libc.a(lib_a-printf.o)
 .bss           0x00811660        0x0 c:/software/altera/10.1/nios2eds/bin/gnu/h-i686-mingw32/bin/../lib/gcc/nios2-elf/4.1.2/../../../../nios2-elf/lib/mno-hw-mul\libc.a(lib_a-vfprintf.o)
 .bss           0x00811660        0x0 c:/software/altera/10.1/nios2eds/bin/gnu/h-i686-mingw32/bin/../lib/gcc/nios2-elf/4.1.2/../../../../nios2-elf/lib/mno-hw-mul\libc.a(lib_a-wsetup.o)
 .bss           0x00811660        0x0 c:/software/altera/10.1/nios2eds/bin/gnu/h-i686-mingw32/bin/../lib/gcc/nios2-elf/4.1.2/../../../../nios2-elf/lib/mno-hw-mul\libc.a(lib_a-dtoa.o)
 .bss           0x00811660        0x0 c:/software/altera/10.1/nios2eds/bin/gnu/h-i686-mingw32/bin/../lib/gcc/nios2-elf/4.1.2/../../../../nios2-elf/lib/mno-hw-mul\libc.a(lib_a-fflush.o)
 .bss           0x00811660        0x0 c:/software/altera/10.1/nios2eds/bin/gnu/h-i686-mingw32/bin/../lib/gcc/nios2-elf/4.1.2/../../../../nios2-elf/lib/mno-hw-mul\libc.a(lib_a-findfp.o)
 .bss           0x00811660        0x0 c:/software/altera/10.1/nios2eds/bin/gnu/h-i686-mingw32/bin/../lib/gcc/nios2-elf/4.1.2/../../../../nios2-elf/lib/mno-hw-mul\libc.a(lib_a-freer.o)
 .bss           0x00811660        0x0 c:/software/altera/10.1/nios2eds/bin/gnu/h-i686-mingw32/bin/../lib/gcc/nios2-elf/4.1.2/../../../../nios2-elf/lib/mno-hw-mul\libc.a(lib_a-fvwrite.o)
 .bss           0x00811660        0x0 c:/software/altera/10.1/nios2eds/bin/gnu/h-i686-mingw32/bin/../lib/gcc/nios2-elf/4.1.2/../../../../nios2-elf/lib/mno-hw-mul\libc.a(lib_a-fwalk.o)
 .bss           0x00811660        0x0 c:/software/altera/10.1/nios2eds/bin/gnu/h-i686-mingw32/bin/../lib/gcc/nios2-elf/4.1.2/../../../../nios2-elf/lib/mno-hw-mul\libc.a(lib_a-impure.o)
 .bss           0x00811660        0x0 c:/software/altera/10.1/nios2eds/bin/gnu/h-i686-mingw32/bin/../lib/gcc/nios2-elf/4.1.2/../../../../nios2-elf/lib/mno-hw-mul\libc.a(lib_a-locale.o)
 .bss           0x00811660        0x0 c:/software/altera/10.1/nios2eds/bin/gnu/h-i686-mingw32/bin/../lib/gcc/nios2-elf/4.1.2/../../../../nios2-elf/lib/mno-hw-mul\libc.a(lib_a-makebuf.o)
 .bss           0x00811660       0x28 c:/software/altera/10.1/nios2eds/bin/gnu/h-i686-mingw32/bin/../lib/gcc/nios2-elf/4.1.2/../../../../nios2-elf/lib/mno-hw-mul\libc.a(lib_a-mallocr.o)
                0x00811660                __malloc_current_mallinfo
 .bss           0x00811688        0x0 c:/software/altera/10.1/nios2eds/bin/gnu/h-i686-mingw32/bin/../lib/gcc/nios2-elf/4.1.2/../../../../nios2-elf/lib/mno-hw-mul\libc.a(lib_a-memchr.o)
 .bss           0x00811688        0x0 c:/software/altera/10.1/nios2eds/bin/gnu/h-i686-mingw32/bin/../lib/gcc/nios2-elf/4.1.2/../../../../nios2-elf/lib/mno-hw-mul\libc.a(lib_a-memcpy.o)
 .bss           0x00811688        0x0 c:/software/altera/10.1/nios2eds/bin/gnu/h-i686-mingw32/bin/../lib/gcc/nios2-elf/4.1.2/../../../../nios2-elf/lib/mno-hw-mul\libc.a(lib_a-memmove.o)
 .bss           0x00811688        0x0 c:/software/altera/10.1/nios2eds/bin/gnu/h-i686-mingw32/bin/../lib/gcc/nios2-elf/4.1.2/../../../../nios2-elf/lib/mno-hw-mul\libc.a(lib_a-memset.o)
 .bss           0x00811688        0x0 c:/software/altera/10.1/nios2eds/bin/gnu/h-i686-mingw32/bin/../lib/gcc/nios2-elf/4.1.2/../../../../nios2-elf/lib/mno-hw-mul\libc.a(lib_a-mprec.o)
 .bss           0x00811688        0x0 c:/software/altera/10.1/nios2eds/bin/gnu/h-i686-mingw32/bin/../lib/gcc/nios2-elf/4.1.2/../../../../nios2-elf/lib/mno-hw-mul\libc.a(lib_a-reallocr.o)
 .bss           0x00811688        0x0 c:/software/altera/10.1/nios2eds/bin/gnu/h-i686-mingw32/bin/../lib/gcc/nios2-elf/4.1.2/../../../../nios2-elf/lib/mno-hw-mul\libc.a(lib_a-s_isinfd.o)
 .bss           0x00811688        0x0 c:/software/altera/10.1/nios2eds/bin/gnu/h-i686-mingw32/bin/../lib/gcc/nios2-elf/4.1.2/../../../../nios2-elf/lib/mno-hw-mul\libc.a(lib_a-s_isnand.o)
 .bss           0x00811688        0x0 c:/software/altera/10.1/nios2eds/bin/gnu/h-i686-mingw32/bin/../lib/gcc/nios2-elf/4.1.2/../../../../nios2-elf/lib/mno-hw-mul\libc.a(lib_a-sbrkr.o)
 .bss           0x00811688        0x0 c:/software/altera/10.1/nios2eds/bin/gnu/h-i686-mingw32/bin/../lib/gcc/nios2-elf/4.1.2/../../../../nios2-elf/lib/mno-hw-mul\libc.a(lib_a-stdio.o)
 .bss           0x00811688        0x0 c:/software/altera/10.1/nios2eds/bin/gnu/h-i686-mingw32/bin/../lib/gcc/nios2-elf/4.1.2/../../../../nios2-elf/lib/mno-hw-mul\libc.a(lib_a-strcmp.o)
 .bss           0x00811688        0x0 c:/software/altera/10.1/nios2eds/bin/gnu/h-i686-mingw32/bin/../lib/gcc/nios2-elf/4.1.2/../../../../nios2-elf/lib/mno-hw-mul\libc.a(lib_a-strlen.o)
 .bss           0x00811688        0x0 c:/software/altera/10.1/nios2eds/bin/gnu/h-i686-mingw32/bin/../lib/gcc/nios2-elf/4.1.2/../../../../nios2-elf/lib/mno-hw-mul\libc.a(lib_a-writer.o)
 .bss           0x00811688        0x0 c:/software/altera/10.1/nios2eds/bin/gnu/h-i686-mingw32/bin/../lib/gcc/nios2-elf/4.1.2/../../../../nios2-elf/lib/mno-hw-mul\libc.a(lib_a-callocr.o)
 .bss           0x00811688        0x0 c:/software/altera/10.1/nios2eds/bin/gnu/h-i686-mingw32/bin/../lib/gcc/nios2-elf/4.1.2/../../../../nios2-elf/lib/mno-hw-mul\libc.a(lib_a-closer.o)
 .bss           0x00811688        0x0 c:/software/altera/10.1/nios2eds/bin/gnu/h-i686-mingw32/bin/../lib/gcc/nios2-elf/4.1.2/../../../../nios2-elf/lib/mno-hw-mul\libc.a(lib_a-fclose.o)
 .bss           0x00811688        0x0 c:/software/altera/10.1/nios2eds/bin/gnu/h-i686-mingw32/bin/../lib/gcc/nios2-elf/4.1.2/../../../../nios2-elf/lib/mno-hw-mul\libc.a(lib_a-fstatr.o)
 .bss           0x00811688        0x0 c:/software/altera/10.1/nios2eds/bin/gnu/h-i686-mingw32/bin/../lib/gcc/nios2-elf/4.1.2/../../../../nios2-elf/lib/mno-hw-mul\libc.a(lib_a-int_errno.o)
 .bss           0x00811688        0x0 c:/software/altera/10.1/nios2eds/bin/gnu/h-i686-mingw32/bin/../lib/gcc/nios2-elf/4.1.2/../../../../nios2-elf/lib/mno-hw-mul\libc.a(lib_a-isattyr.o)
 .bss           0x00811688        0x0 c:/software/altera/10.1/nios2eds/bin/gnu/h-i686-mingw32/bin/../lib/gcc/nios2-elf/4.1.2/../../../../nios2-elf/lib/mno-hw-mul\libc.a(lib_a-lseekr.o)
 .bss           0x00811688        0x0 c:/software/altera/10.1/nios2eds/bin/gnu/h-i686-mingw32/bin/../lib/gcc/nios2-elf/4.1.2/../../../../nios2-elf/lib/mno-hw-mul\libc.a(lib_a-readr.o)
 .bss           0x00811688        0x0 c:/software/altera/10.1/nios2eds/bin/gnu/h-i686-mingw32/bin/../lib/gcc/nios2-elf/4.1.2/mno-hw-mul\libgcc.a(_udivdi3.o)
 .bss           0x00811688        0x0 c:/software/altera/10.1/nios2eds/bin/gnu/h-i686-mingw32/bin/../lib/gcc/nios2-elf/4.1.2/mno-hw-mul\libgcc.a(_umoddi3.o)
 .bss           0x00811688        0x0 c:/software/altera/10.1/nios2eds/bin/gnu/h-i686-mingw32/bin/../lib/gcc/nios2-elf/4.1.2/mno-hw-mul\libgcc.a(_addsub_df.o)
 .bss           0x00811688        0x0 c:/software/altera/10.1/nios2eds/bin/gnu/h-i686-mingw32/bin/../lib/gcc/nios2-elf/4.1.2/mno-hw-mul\libgcc.a(_mul_df.o)
 .bss           0x00811688        0x0 c:/software/altera/10.1/nios2eds/bin/gnu/h-i686-mingw32/bin/../lib/gcc/nios2-elf/4.1.2/mno-hw-mul\libgcc.a(_div_df.o)
 .bss           0x00811688        0x0 c:/software/altera/10.1/nios2eds/bin/gnu/h-i686-mingw32/bin/../lib/gcc/nios2-elf/4.1.2/mno-hw-mul\libgcc.a(_eq_df.o)
 .bss           0x00811688        0x0 c:/software/altera/10.1/nios2eds/bin/gnu/h-i686-mingw32/bin/../lib/gcc/nios2-elf/4.1.2/mno-hw-mul\libgcc.a(_ne_df.o)
 .bss           0x00811688        0x0 c:/software/altera/10.1/nios2eds/bin/gnu/h-i686-mingw32/bin/../lib/gcc/nios2-elf/4.1.2/mno-hw-mul\libgcc.a(_gt_df.o)
 .bss           0x00811688        0x0 c:/software/altera/10.1/nios2eds/bin/gnu/h-i686-mingw32/bin/../lib/gcc/nios2-elf/4.1.2/mno-hw-mul\libgcc.a(_ge_df.o)
 .bss           0x00811688        0x0 c:/software/altera/10.1/nios2eds/bin/gnu/h-i686-mingw32/bin/../lib/gcc/nios2-elf/4.1.2/mno-hw-mul\libgcc.a(_lt_df.o)
 .bss           0x00811688        0x0 c:/software/altera/10.1/nios2eds/bin/gnu/h-i686-mingw32/bin/../lib/gcc/nios2-elf/4.1.2/mno-hw-mul\libgcc.a(_si_to_df.o)
 .bss           0x00811688        0x0 c:/software/altera/10.1/nios2eds/bin/gnu/h-i686-mingw32/bin/../lib/gcc/nios2-elf/4.1.2/mno-hw-mul\libgcc.a(_df_to_si.o)
 .bss           0x00811688        0x0 c:/software/altera/10.1/nios2eds/bin/gnu/h-i686-mingw32/bin/../lib/gcc/nios2-elf/4.1.2/mno-hw-mul\libgcc.a(_thenan_df.o)
 .bss           0x00811688        0x0 c:/software/altera/10.1/nios2eds/bin/gnu/h-i686-mingw32/bin/../lib/gcc/nios2-elf/4.1.2/mno-hw-mul\libgcc.a(_usi_to_df.o)
 .bss           0x00811688        0x0 c:/software/altera/10.1/nios2eds/bin/gnu/h-i686-mingw32/bin/../lib/gcc/nios2-elf/4.1.2/mno-hw-mul\libgcc.a(lib2-divmod.o)
 .bss           0x00811688        0x0 c:/software/altera/10.1/nios2eds/bin/gnu/h-i686-mingw32/bin/../lib/gcc/nios2-elf/4.1.2/mno-hw-mul\libgcc.a(lib2-mul.o)
 .bss           0x00811688        0x0 c:/software/altera/10.1/nios2eds/bin/gnu/h-i686-mingw32/bin/../lib/gcc/nios2-elf/4.1.2/mno-hw-mul\libgcc.a(_muldi3.o)
 .bss           0x00811688        0x0 c:/software/altera/10.1/nios2eds/bin/gnu/h-i686-mingw32/bin/../lib/gcc/nios2-elf/4.1.2/mno-hw-mul\libgcc.a(_clz.o)
 .bss           0x00811688        0x0 c:/software/altera/10.1/nios2eds/bin/gnu/h-i686-mingw32/bin/../lib/gcc/nios2-elf/4.1.2/mno-hw-mul\libgcc.a(_clzsi2.o)
 .bss           0x00811688        0x0 c:/software/altera/10.1/nios2eds/bin/gnu/h-i686-mingw32/bin/../lib/gcc/nios2-elf/4.1.2/mno-hw-mul\libgcc.a(_pack_df.o)
 .bss           0x00811688        0x0 c:/software/altera/10.1/nios2eds/bin/gnu/h-i686-mingw32/bin/../lib/gcc/nios2-elf/4.1.2/mno-hw-mul\libgcc.a(_unpack_df.o)
 .bss           0x00811688        0x0 c:/software/altera/10.1/nios2eds/bin/gnu/h-i686-mingw32/bin/../lib/gcc/nios2-elf/4.1.2/mno-hw-mul\libgcc.a(_fpcmp_parts_df.o)
 .bss           0x00811688        0x0 ../lab1_phase1_bsp\libhal_bsp.a(alt_close.o)
 .bss           0x00811688        0x0 ../lab1_phase1_bsp\libhal_bsp.a(alt_dev.o)
 .bss           0x00811688        0x0 ../lab1_phase1_bsp\libhal_bsp.a(alt_errno.o)
 .bss           0x00811688        0x0 ../lab1_phase1_bsp\libhal_bsp.a(alt_fstat.o)
 .bss           0x00811688        0x0 ../lab1_phase1_bsp\libhal_bsp.a(alt_isatty.o)
 .bss           0x00811688        0x0 ../lab1_phase1_bsp\libhal_bsp.a(alt_load.o)
 .bss           0x00811688        0x0 ../lab1_phase1_bsp\libhal_bsp.a(alt_lseek.o)
 .bss           0x00811688        0x0 ../lab1_phase1_bsp\libhal_bsp.a(alt_main.o)
 .bss           0x00811688        0x0 ../lab1_phase1_bsp\libhal_bsp.a(alt_malloc_lock.o)
 .bss           0x00811688        0x0 ../lab1_phase1_bsp\libhal_bsp.a(alt_read.o)
 .bss           0x00811688        0x0 ../lab1_phase1_bsp\libhal_bsp.a(alt_release_fd.o)
 .bss           0x00811688        0x0 ../lab1_phase1_bsp\libhal_bsp.a(alt_sbrk.o)
 .bss           0x00811688        0x0 ../lab1_phase1_bsp\libhal_bsp.a(alt_write.o)
 .bss           0x00811688        0x0 ../lab1_phase1_bsp\libhal_bsp.a(alt_sys_init.o)
 .bss           0x00811688        0x0 ../lab1_phase1_bsp\libhal_bsp.a(altera_avalon_jtag_uart_fd.o)
 .bss           0x00811688        0x0 ../lab1_phase1_bsp\libhal_bsp.a(altera_avalon_jtag_uart_init.o)
 .bss           0x00811688        0x0 ../lab1_phase1_bsp\libhal_bsp.a(altera_avalon_jtag_uart_ioctl.o)
 .bss           0x00811688        0x0 ../lab1_phase1_bsp\libhal_bsp.a(altera_avalon_jtag_uart_read.o)
 .bss           0x00811688        0x0 ../lab1_phase1_bsp\libhal_bsp.a(altera_avalon_jtag_uart_write.o)
 .bss           0x00811688        0x0 ../lab1_phase1_bsp\libhal_bsp.a(altera_avalon_lcd_16207.o)
 .bss           0x00811688        0x0 ../lab1_phase1_bsp\libhal_bsp.a(altera_avalon_lcd_16207_fd.o)
 .bss           0x00811688        0x0 ../lab1_phase1_bsp\libhal_bsp.a(altera_avalon_timer_sc.o)
 .bss           0x00811688        0x0 ../lab1_phase1_bsp\libhal_bsp.a(alt_alarm_start.o)
 .bss           0x00811688        0x0 ../lab1_phase1_bsp\libhal_bsp.a(alt_dcache_flush_all.o)
 .bss           0x00811688        0x0 ../lab1_phase1_bsp\libhal_bsp.a(alt_dev_llist_insert.o)
 .bss           0x00811688        0x0 ../lab1_phase1_bsp\libhal_bsp.a(alt_do_ctors.o)
 .bss           0x00811688        0x0 ../lab1_phase1_bsp\libhal_bsp.a(alt_do_dtors.o)
 .bss           0x00811688        0x0 ../lab1_phase1_bsp\libhal_bsp.a(alt_icache_flush_all.o)
 .bss           0x00811688        0x0 ../lab1_phase1_bsp\libhal_bsp.a(alt_iic.o)
 .bss           0x00811688        0x0 ../lab1_phase1_bsp\libhal_bsp.a(alt_iic_isr_register.o)
 .bss           0x00811688        0x0 ../lab1_phase1_bsp\libhal_bsp.a(alt_io_redirect.o)
 .bss           0x00811688        0x0 ../lab1_phase1_bsp\libhal_bsp.a(alt_irq_entry.o)
 .bss           0x00811688        0x0 ../lab1_phase1_bsp\libhal_bsp.a(alt_irq_handler.o)
 .bss           0x00811688        0x0 ../lab1_phase1_bsp\libhal_bsp.a(alt_irq_vars.o)
 .bss           0x00811688        0x0 ../lab1_phase1_bsp\libhal_bsp.a(alt_open.o)
 .bss           0x00811688        0x0 ../lab1_phase1_bsp\libhal_bsp.a(alt_tick.o)
 .bss           0x00811688        0x0 ../lab1_phase1_bsp\libhal_bsp.a(alt_usleep.o)
 .bss           0x00811688        0x0 ../lab1_phase1_bsp\libhal_bsp.a(altera_nios2_irq.o)
 .bss           0x00811688        0x0 ../lab1_phase1_bsp\libhal_bsp.a(alt_busy_sleep.o)
 .bss           0x00811688        0x0 ../lab1_phase1_bsp\libhal_bsp.a(alt_exception_entry.o)
 .bss           0x00811688        0x0 ../lab1_phase1_bsp\libhal_bsp.a(alt_find_dev.o)
 .bss           0x00811688        0x0 ../lab1_phase1_bsp\libhal_bsp.a(alt_find_file.o)
 .bss           0x00811688        0x0 ../lab1_phase1_bsp\libhal_bsp.a(alt_get_fd.o)
 .bss           0x00811688        0x0 ../lab1_phase1_bsp\libhal_bsp.a(alt_icache_flush.o)
 .bss           0x00811688        0x0 c:/software/altera/10.1/nios2eds/bin/gnu/h-i686-mingw32/bin/../lib/gcc/nios2-elf/4.1.2/../../../../nios2-elf/lib/mno-hw-mul\libc.a(lib_a-atexit.o)
 .bss           0x00811688        0x0 c:/software/altera/10.1/nios2eds/bin/gnu/h-i686-mingw32/bin/../lib/gcc/nios2-elf/4.1.2/../../../../nios2-elf/lib/mno-hw-mul\libc.a(lib_a-ctype_.o)
 .bss           0x00811688        0x0 c:/software/altera/10.1/nios2eds/bin/gnu/h-i686-mingw32/bin/../lib/gcc/nios2-elf/4.1.2/../../../../nios2-elf/lib/mno-hw-mul\libc.a(lib_a-exit.o)
 .bss           0x00811688        0x0 c:/software/altera/10.1/nios2eds/bin/gnu/h-i686-mingw32/bin/../lib/gcc/nios2-elf/4.1.2/../../../../nios2-elf/lib/mno-hw-mul\libc.a(lib_a-memcmp.o)
 .bss           0x00811688        0x0 c:/software/altera/10.1/nios2eds/bin/gnu/h-i686-mingw32/bin/../lib/gcc/nios2-elf/4.1.2/../../../../nios2-elf/lib/mno-hw-mul\libc.a(lib_a-__atexit.o)
 .bss           0x00811688        0x0 c:/software/altera/10.1/nios2eds/bin/gnu/h-i686-mingw32/bin/../lib/gcc/nios2-elf/4.1.2/../../../../nios2-elf/lib/mno-hw-mul\libc.a(lib_a-__call_atexit.o)
 .bss           0x00811688        0x0 ../lab1_phase1_bsp\libhal_bsp.a(alt_exit.o)
 *(COMMON)
 COMMON         0x00811688      0x100 ../lab1_phase1_bsp\libhal_bsp.a(alt_irq_handler.o)
                0x00811688                alt_irq
 COMMON         0x00811788      0x190 c:/software/altera/10.1/nios2eds/bin/gnu/h-i686-mingw32/bin/../lib/gcc/nios2-elf/4.1.2/../../../../nios2-elf/lib/mno-hw-mul\libc.a(lib_a-atexit.o)
                0x00811788                _atexit0
                0x00811918                . = ALIGN (0x4)
                0x00811918                __bss_end = ABSOLUTE (.)

.sdram_0        0x00811918        0x0
                0x00811918                PROVIDE (_alt_partition_sdram_0_start, ABSOLUTE (.))
 *(.sdram_0. sdram_0.*)
                0x00811918                . = ALIGN (0x4)
                0x00811918                PROVIDE (_alt_partition_sdram_0_end, ABSOLUTE (.))
                0x00811918                _end = ABSOLUTE (.)
                0x00811918                end = ABSOLUTE (.)
                0x00811918                __alt_stack_base = ABSOLUTE (.)
                0x00811918                PROVIDE (_alt_partition_sdram_0_load_addr, LOADADDR (.sdram_0))

.stab
 *(.stab)

.stabstr
 *(.stabstr)

.stab.excl
 *(.stab.excl)

.stab.exclstr
 *(.stab.exclstr)

.stab.index
 *(.stab.index)

.stab.indexstr
 *(.stab.indexstr)

.comment        0x00000000       0x23
 *(.comment)
 .comment       0x00000000       0x23 obj/lab1_phase1.o
                                 0x24 (size before relaxing)
 .comment       0x00000000       0x24 c:/software/altera/10.1/nios2eds/bin/gnu/h-i686-mingw32/bin/../lib/gcc/nios2-elf/4.1.2/../../../../nios2-elf/lib/mno-hw-mul\libc.a(lib_a-printf.o)
 .comment       0x00000000       0x24 c:/software/altera/10.1/nios2eds/bin/gnu/h-i686-mingw32/bin/../lib/gcc/nios2-elf/4.1.2/../../../../nios2-elf/lib/mno-hw-mul\libc.a(lib_a-vfprintf.o)
 .comment       0x00000000       0x24 c:/software/altera/10.1/nios2eds/bin/gnu/h-i686-mingw32/bin/../lib/gcc/nios2-elf/4.1.2/../../../../nios2-elf/lib/mno-hw-mul\libc.a(lib_a-wsetup.o)
 .comment       0x00000000       0x24 c:/software/altera/10.1/nios2eds/bin/gnu/h-i686-mingw32/bin/../lib/gcc/nios2-elf/4.1.2/../../../../nios2-elf/lib/mno-hw-mul\libc.a(lib_a-dtoa.o)
 .comment       0x00000000       0x24 c:/software/altera/10.1/nios2eds/bin/gnu/h-i686-mingw32/bin/../lib/gcc/nios2-elf/4.1.2/../../../../nios2-elf/lib/mno-hw-mul\libc.a(lib_a-fflush.o)
 .comment       0x00000000       0x24 c:/software/altera/10.1/nios2eds/bin/gnu/h-i686-mingw32/bin/../lib/gcc/nios2-elf/4.1.2/../../../../nios2-elf/lib/mno-hw-mul\libc.a(lib_a-findfp.o)
 .comment       0x00000000       0x24 c:/software/altera/10.1/nios2eds/bin/gnu/h-i686-mingw32/bin/../lib/gcc/nios2-elf/4.1.2/../../../../nios2-elf/lib/mno-hw-mul\libc.a(lib_a-freer.o)
 .comment       0x00000000       0x24 c:/software/altera/10.1/nios2eds/bin/gnu/h-i686-mingw32/bin/../lib/gcc/nios2-elf/4.1.2/../../../../nios2-elf/lib/mno-hw-mul\libc.a(lib_a-fvwrite.o)
 .comment       0x00000000       0x24 c:/software/altera/10.1/nios2eds/bin/gnu/h-i686-mingw32/bin/../lib/gcc/nios2-elf/4.1.2/../../../../nios2-elf/lib/mno-hw-mul\libc.a(lib_a-fwalk.o)
 .comment       0x00000000       0x24 c:/software/altera/10.1/nios2eds/bin/gnu/h-i686-mingw32/bin/../lib/gcc/nios2-elf/4.1.2/../../../../nios2-elf/lib/mno-hw-mul\libc.a(lib_a-impure.o)
 .comment       0x00000000       0x24 c:/software/altera/10.1/nios2eds/bin/gnu/h-i686-mingw32/bin/../lib/gcc/nios2-elf/4.1.2/../../../../nios2-elf/lib/mno-hw-mul\libc.a(lib_a-locale.o)
 .comment       0x00000000       0x24 c:/software/altera/10.1/nios2eds/bin/gnu/h-i686-mingw32/bin/../lib/gcc/nios2-elf/4.1.2/../../../../nios2-elf/lib/mno-hw-mul\libc.a(lib_a-makebuf.o)
 .comment       0x00000000       0x24 c:/software/altera/10.1/nios2eds/bin/gnu/h-i686-mingw32/bin/../lib/gcc/nios2-elf/4.1.2/../../../../nios2-elf/lib/mno-hw-mul\libc.a(lib_a-mallocr.o)
 .comment       0x00000000       0x24 c:/software/altera/10.1/nios2eds/bin/gnu/h-i686-mingw32/bin/../lib/gcc/nios2-elf/4.1.2/../../../../nios2-elf/lib/mno-hw-mul\libc.a(lib_a-memchr.o)
 .comment       0x00000000       0x24 c:/software/altera/10.1/nios2eds/bin/gnu/h-i686-mingw32/bin/../lib/gcc/nios2-elf/4.1.2/../../../../nios2-elf/lib/mno-hw-mul\libc.a(lib_a-memcpy.o)
 .comment       0x00000000       0x24 c:/software/altera/10.1/nios2eds/bin/gnu/h-i686-mingw32/bin/../lib/gcc/nios2-elf/4.1.2/../../../../nios2-elf/lib/mno-hw-mul\libc.a(lib_a-memmove.o)
 .comment       0x00000000       0x24 c:/software/altera/10.1/nios2eds/bin/gnu/h-i686-mingw32/bin/../lib/gcc/nios2-elf/4.1.2/../../../../nios2-elf/lib/mno-hw-mul\libc.a(lib_a-memset.o)
 .comment       0x00000000       0x24 c:/software/altera/10.1/nios2eds/bin/gnu/h-i686-mingw32/bin/../lib/gcc/nios2-elf/4.1.2/../../../../nios2-elf/lib/mno-hw-mul\libc.a(lib_a-mprec.o)
 .comment       0x00000000       0x24 c:/software/altera/10.1/nios2eds/bin/gnu/h-i686-mingw32/bin/../lib/gcc/nios2-elf/4.1.2/../../../../nios2-elf/lib/mno-hw-mul\libc.a(lib_a-reallocr.o)
 .comment       0x00000000       0x24 c:/software/altera/10.1/nios2eds/bin/gnu/h-i686-mingw32/bin/../lib/gcc/nios2-elf/4.1.2/../../../../nios2-elf/lib/mno-hw-mul\libc.a(lib_a-s_isinfd.o)
 .comment       0x00000000       0x24 c:/software/altera/10.1/nios2eds/bin/gnu/h-i686-mingw32/bin/../lib/gcc/nios2-elf/4.1.2/../../../../nios2-elf/lib/mno-hw-mul\libc.a(lib_a-s_isnand.o)
 .comment       0x00000000       0x24 c:/software/altera/10.1/nios2eds/bin/gnu/h-i686-mingw32/bin/../lib/gcc/nios2-elf/4.1.2/../../../../nios2-elf/lib/mno-hw-mul\libc.a(lib_a-sbrkr.o)
 .comment       0x00000000       0x24 c:/software/altera/10.1/nios2eds/bin/gnu/h-i686-mingw32/bin/../lib/gcc/nios2-elf/4.1.2/../../../../nios2-elf/lib/mno-hw-mul\libc.a(lib_a-stdio.o)
 .comment       0x00000000       0x24 c:/software/altera/10.1/nios2eds/bin/gnu/h-i686-mingw32/bin/../lib/gcc/nios2-elf/4.1.2/../../../../nios2-elf/lib/mno-hw-mul\libc.a(lib_a-strcmp.o)
 .comment       0x00000000       0x24 c:/software/altera/10.1/nios2eds/bin/gnu/h-i686-mingw32/bin/../lib/gcc/nios2-elf/4.1.2/../../../../nios2-elf/lib/mno-hw-mul\libc.a(lib_a-strlen.o)
 .comment       0x00000000       0x24 c:/software/altera/10.1/nios2eds/bin/gnu/h-i686-mingw32/bin/../lib/gcc/nios2-elf/4.1.2/../../../../nios2-elf/lib/mno-hw-mul\libc.a(lib_a-writer.o)
 .comment       0x00000000       0x24 c:/software/altera/10.1/nios2eds/bin/gnu/h-i686-mingw32/bin/../lib/gcc/nios2-elf/4.1.2/../../../../nios2-elf/lib/mno-hw-mul\libc.a(lib_a-callocr.o)
 .comment       0x00000000       0x24 c:/software/altera/10.1/nios2eds/bin/gnu/h-i686-mingw32/bin/../lib/gcc/nios2-elf/4.1.2/../../../../nios2-elf/lib/mno-hw-mul\libc.a(lib_a-closer.o)
 .comment       0x00000000       0x24 c:/software/altera/10.1/nios2eds/bin/gnu/h-i686-mingw32/bin/../lib/gcc/nios2-elf/4.1.2/../../../../nios2-elf/lib/mno-hw-mul\libc.a(lib_a-fclose.o)
 .comment       0x00000000       0x24 c:/software/altera/10.1/nios2eds/bin/gnu/h-i686-mingw32/bin/../lib/gcc/nios2-elf/4.1.2/../../../../nios2-elf/lib/mno-hw-mul\libc.a(lib_a-fstatr.o)
 .comment       0x00000000       0x24 c:/software/altera/10.1/nios2eds/bin/gnu/h-i686-mingw32/bin/../lib/gcc/nios2-elf/4.1.2/../../../../nios2-elf/lib/mno-hw-mul\libc.a(lib_a-int_errno.o)
 .comment       0x00000000       0x24 c:/software/altera/10.1/nios2eds/bin/gnu/h-i686-mingw32/bin/../lib/gcc/nios2-elf/4.1.2/../../../../nios2-elf/lib/mno-hw-mul\libc.a(lib_a-isattyr.o)
 .comment       0x00000000       0x24 c:/software/altera/10.1/nios2eds/bin/gnu/h-i686-mingw32/bin/../lib/gcc/nios2-elf/4.1.2/../../../../nios2-elf/lib/mno-hw-mul\libc.a(lib_a-lseekr.o)
 .comment       0x00000000       0x24 c:/software/altera/10.1/nios2eds/bin/gnu/h-i686-mingw32/bin/../lib/gcc/nios2-elf/4.1.2/../../../../nios2-elf/lib/mno-hw-mul\libc.a(lib_a-readr.o)
 .comment       0x00000000       0x24 c:/software/altera/10.1/nios2eds/bin/gnu/h-i686-mingw32/bin/../lib/gcc/nios2-elf/4.1.2/mno-hw-mul\libgcc.a(_udivdi3.o)
 .comment       0x00000000       0x24 c:/software/altera/10.1/nios2eds/bin/gnu/h-i686-mingw32/bin/../lib/gcc/nios2-elf/4.1.2/mno-hw-mul\libgcc.a(_umoddi3.o)
 .comment       0x00000000       0x24 c:/software/altera/10.1/nios2eds/bin/gnu/h-i686-mingw32/bin/../lib/gcc/nios2-elf/4.1.2/mno-hw-mul\libgcc.a(_addsub_df.o)
 .comment       0x00000000       0x24 c:/software/altera/10.1/nios2eds/bin/gnu/h-i686-mingw32/bin/../lib/gcc/nios2-elf/4.1.2/mno-hw-mul\libgcc.a(_mul_df.o)
 .comment       0x00000000       0x24 c:/software/altera/10.1/nios2eds/bin/gnu/h-i686-mingw32/bin/../lib/gcc/nios2-elf/4.1.2/mno-hw-mul\libgcc.a(_div_df.o)
 .comment       0x00000000       0x24 c:/software/altera/10.1/nios2eds/bin/gnu/h-i686-mingw32/bin/../lib/gcc/nios2-elf/4.1.2/mno-hw-mul\libgcc.a(_eq_df.o)
 .comment       0x00000000       0x24 c:/software/altera/10.1/nios2eds/bin/gnu/h-i686-mingw32/bin/../lib/gcc/nios2-elf/4.1.2/mno-hw-mul\libgcc.a(_ne_df.o)
 .comment       0x00000000       0x24 c:/software/altera/10.1/nios2eds/bin/gnu/h-i686-mingw32/bin/../lib/gcc/nios2-elf/4.1.2/mno-hw-mul\libgcc.a(_gt_df.o)
 .comment       0x00000000       0x24 c:/software/altera/10.1/nios2eds/bin/gnu/h-i686-mingw32/bin/../lib/gcc/nios2-elf/4.1.2/mno-hw-mul\libgcc.a(_ge_df.o)
 .comment       0x00000000       0x24 c:/software/altera/10.1/nios2eds/bin/gnu/h-i686-mingw32/bin/../lib/gcc/nios2-elf/4.1.2/mno-hw-mul\libgcc.a(_lt_df.o)
 .comment       0x00000000       0x24 c:/software/altera/10.1/nios2eds/bin/gnu/h-i686-mingw32/bin/../lib/gcc/nios2-elf/4.1.2/mno-hw-mul\libgcc.a(_si_to_df.o)
 .comment       0x00000000       0x24 c:/software/altera/10.1/nios2eds/bin/gnu/h-i686-mingw32/bin/../lib/gcc/nios2-elf/4.1.2/mno-hw-mul\libgcc.a(_df_to_si.o)
 .comment       0x00000000       0x24 c:/software/altera/10.1/nios2eds/bin/gnu/h-i686-mingw32/bin/../lib/gcc/nios2-elf/4.1.2/mno-hw-mul\libgcc.a(_thenan_df.o)
 .comment       0x00000000       0x24 c:/software/altera/10.1/nios2eds/bin/gnu/h-i686-mingw32/bin/../lib/gcc/nios2-elf/4.1.2/mno-hw-mul\libgcc.a(_usi_to_df.o)
 .comment       0x00000000       0x24 c:/software/altera/10.1/nios2eds/bin/gnu/h-i686-mingw32/bin/../lib/gcc/nios2-elf/4.1.2/mno-hw-mul\libgcc.a(lib2-divmod.o)
 .comment       0x00000000       0x24 c:/software/altera/10.1/nios2eds/bin/gnu/h-i686-mingw32/bin/../lib/gcc/nios2-elf/4.1.2/mno-hw-mul\libgcc.a(lib2-mul.o)
 .comment       0x00000000       0x24 c:/software/altera/10.1/nios2eds/bin/gnu/h-i686-mingw32/bin/../lib/gcc/nios2-elf/4.1.2/mno-hw-mul\libgcc.a(_muldi3.o)
 .comment       0x00000000       0x24 c:/software/altera/10.1/nios2eds/bin/gnu/h-i686-mingw32/bin/../lib/gcc/nios2-elf/4.1.2/mno-hw-mul\libgcc.a(_clz.o)
 .comment       0x00000000       0x24 c:/software/altera/10.1/nios2eds/bin/gnu/h-i686-mingw32/bin/../lib/gcc/nios2-elf/4.1.2/mno-hw-mul\libgcc.a(_clzsi2.o)
 .comment       0x00000000       0x24 c:/software/altera/10.1/nios2eds/bin/gnu/h-i686-mingw32/bin/../lib/gcc/nios2-elf/4.1.2/mno-hw-mul\libgcc.a(_pack_df.o)
 .comment       0x00000000       0x24 c:/software/altera/10.1/nios2eds/bin/gnu/h-i686-mingw32/bin/../lib/gcc/nios2-elf/4.1.2/mno-hw-mul\libgcc.a(_unpack_df.o)
 .comment       0x00000000       0x24 c:/software/altera/10.1/nios2eds/bin/gnu/h-i686-mingw32/bin/../lib/gcc/nios2-elf/4.1.2/mno-hw-mul\libgcc.a(_fpcmp_parts_df.o)
 .comment       0x00000000       0x24 ../lab1_phase1_bsp\libhal_bsp.a(alt_close.o)
 .comment       0x00000000       0x24 ../lab1_phase1_bsp\libhal_bsp.a(alt_dev.o)
 .comment       0x00000000       0x24 ../lab1_phase1_bsp\libhal_bsp.a(alt_errno.o)
 .comment       0x00000000       0x24 ../lab1_phase1_bsp\libhal_bsp.a(alt_fstat.o)
 .comment       0x00000000       0x24 ../lab1_phase1_bsp\libhal_bsp.a(alt_isatty.o)
 .comment       0x00000000       0x24 ../lab1_phase1_bsp\libhal_bsp.a(alt_load.o)
 .comment       0x00000000       0x24 ../lab1_phase1_bsp\libhal_bsp.a(alt_lseek.o)
 .comment       0x00000000       0x24 ../lab1_phase1_bsp\libhal_bsp.a(alt_main.o)
 .comment       0x00000000       0x24 ../lab1_phase1_bsp\libhal_bsp.a(alt_malloc_lock.o)
 .comment       0x00000000       0x24 ../lab1_phase1_bsp\libhal_bsp.a(alt_read.o)
 .comment       0x00000000       0x24 ../lab1_phase1_bsp\libhal_bsp.a(alt_release_fd.o)
 .comment       0x00000000       0x24 ../lab1_phase1_bsp\libhal_bsp.a(alt_sbrk.o)
 .comment       0x00000000       0x24 ../lab1_phase1_bsp\libhal_bsp.a(alt_write.o)
 .comment       0x00000000       0x24 ../lab1_phase1_bsp\libhal_bsp.a(alt_sys_init.o)
 .comment       0x00000000       0x24 ../lab1_phase1_bsp\libhal_bsp.a(altera_avalon_jtag_uart_fd.o)
 .comment       0x00000000       0x24 ../lab1_phase1_bsp\libhal_bsp.a(altera_avalon_jtag_uart_init.o)
 .comment       0x00000000       0x24 ../lab1_phase1_bsp\libhal_bsp.a(altera_avalon_jtag_uart_ioctl.o)
 .comment       0x00000000       0x24 ../lab1_phase1_bsp\libhal_bsp.a(altera_avalon_jtag_uart_read.o)
 .comment       0x00000000       0x24 ../lab1_phase1_bsp\libhal_bsp.a(altera_avalon_jtag_uart_write.o)
 .comment       0x00000000       0x24 ../lab1_phase1_bsp\libhal_bsp.a(altera_avalon_lcd_16207.o)
 .comment       0x00000000       0x24 ../lab1_phase1_bsp\libhal_bsp.a(altera_avalon_lcd_16207_fd.o)
 .comment       0x00000000       0x24 ../lab1_phase1_bsp\libhal_bsp.a(altera_avalon_timer_sc.o)
 .comment       0x00000000       0x24 ../lab1_phase1_bsp\libhal_bsp.a(alt_alarm_start.o)
 .comment       0x00000000       0x24 ../lab1_phase1_bsp\libhal_bsp.a(alt_dcache_flush_all.o)
 .comment       0x00000000       0x24 ../lab1_phase1_bsp\libhal_bsp.a(alt_dev_llist_insert.o)
 .comment       0x00000000       0x24 ../lab1_phase1_bsp\libhal_bsp.a(alt_do_ctors.o)
 .comment       0x00000000       0x24 ../lab1_phase1_bsp\libhal_bsp.a(alt_do_dtors.o)
 .comment       0x00000000       0x24 ../lab1_phase1_bsp\libhal_bsp.a(alt_icache_flush_all.o)
 .comment       0x00000000       0x24 ../lab1_phase1_bsp\libhal_bsp.a(alt_iic.o)
 .comment       0x00000000       0x24 ../lab1_phase1_bsp\libhal_bsp.a(alt_iic_isr_register.o)
 .comment       0x00000000       0x24 ../lab1_phase1_bsp\libhal_bsp.a(alt_io_redirect.o)
 .comment       0x00000000       0x24 ../lab1_phase1_bsp\libhal_bsp.a(alt_irq_handler.o)
 .comment       0x00000000       0x24 ../lab1_phase1_bsp\libhal_bsp.a(alt_irq_vars.o)
 .comment       0x00000000       0x24 ../lab1_phase1_bsp\libhal_bsp.a(alt_open.o)
 .comment       0x00000000       0x24 ../lab1_phase1_bsp\libhal_bsp.a(alt_tick.o)
 .comment       0x00000000       0x24 ../lab1_phase1_bsp\libhal_bsp.a(alt_usleep.o)
 .comment       0x00000000       0x24 ../lab1_phase1_bsp\libhal_bsp.a(altera_nios2_irq.o)
 .comment       0x00000000       0x24 ../lab1_phase1_bsp\libhal_bsp.a(alt_busy_sleep.o)
 .comment       0x00000000       0x24 ../lab1_phase1_bsp\libhal_bsp.a(alt_find_dev.o)
 .comment       0x00000000       0x24 ../lab1_phase1_bsp\libhal_bsp.a(alt_find_file.o)
 .comment       0x00000000       0x24 ../lab1_phase1_bsp\libhal_bsp.a(alt_get_fd.o)
 .comment       0x00000000       0x24 ../lab1_phase1_bsp\libhal_bsp.a(alt_icache_flush.o)
 .comment       0x00000000       0x24 c:/software/altera/10.1/nios2eds/bin/gnu/h-i686-mingw32/bin/../lib/gcc/nios2-elf/4.1.2/../../../../nios2-elf/lib/mno-hw-mul\libc.a(lib_a-atexit.o)
 .comment       0x00000000       0x24 c:/software/altera/10.1/nios2eds/bin/gnu/h-i686-mingw32/bin/../lib/gcc/nios2-elf/4.1.2/../../../../nios2-elf/lib/mno-hw-mul\libc.a(lib_a-ctype_.o)
 .comment       0x00000000       0x24 c:/software/altera/10.1/nios2eds/bin/gnu/h-i686-mingw32/bin/../lib/gcc/nios2-elf/4.1.2/../../../../nios2-elf/lib/mno-hw-mul\libc.a(lib_a-exit.o)
 .comment       0x00000000       0x24 c:/software/altera/10.1/nios2eds/bin/gnu/h-i686-mingw32/bin/../lib/gcc/nios2-elf/4.1.2/../../../../nios2-elf/lib/mno-hw-mul\libc.a(lib_a-memcmp.o)
 .comment       0x00000000       0x24 c:/software/altera/10.1/nios2eds/bin/gnu/h-i686-mingw32/bin/../lib/gcc/nios2-elf/4.1.2/../../../../nios2-elf/lib/mno-hw-mul\libc.a(lib_a-__atexit.o)
 .comment       0x00000000       0x24 c:/software/altera/10.1/nios2eds/bin/gnu/h-i686-mingw32/bin/../lib/gcc/nios2-elf/4.1.2/../../../../nios2-elf/lib/mno-hw-mul\libc.a(lib_a-__call_atexit.o)
 .comment       0x00000000       0x24 ../lab1_phase1_bsp\libhal_bsp.a(alt_exit.o)

.debug
 *(.debug)

.line
 *(.line)

.debug_srcinfo
 *(.debug_srcinfo)

.debug_sfnames
 *(.debug_sfnames)

.debug_aranges  0x00000000      0xcf8
 *(.debug_aranges)
 .debug_aranges
                0x00000000       0x28 ../lab1_phase1_bsp/obj/HAL/src/crt0.o
 .debug_aranges
                0x00000028       0x20 obj/lab1_phase1.o
 .debug_aranges
                0x00000048       0x20 c:/software/altera/10.1/nios2eds/bin/gnu/h-i686-mingw32/bin/../lib/gcc/nios2-elf/4.1.2/../../../../nios2-elf/lib/mno-hw-mul\libc.a(lib_a-printf.o)
 .debug_aranges
                0x00000068       0x20 c:/software/altera/10.1/nios2eds/bin/gnu/h-i686-mingw32/bin/../lib/gcc/nios2-elf/4.1.2/../../../../nios2-elf/lib/mno-hw-mul\libc.a(lib_a-vfprintf.o)
 .debug_aranges
                0x00000088       0x20 c:/software/altera/10.1/nios2eds/bin/gnu/h-i686-mingw32/bin/../lib/gcc/nios2-elf/4.1.2/../../../../nios2-elf/lib/mno-hw-mul\libc.a(lib_a-wsetup.o)
 .debug_aranges
                0x000000a8       0x20 c:/software/altera/10.1/nios2eds/bin/gnu/h-i686-mingw32/bin/../lib/gcc/nios2-elf/4.1.2/../../../../nios2-elf/lib/mno-hw-mul\libc.a(lib_a-dtoa.o)
 .debug_aranges
                0x000000c8       0x20 c:/software/altera/10.1/nios2eds/bin/gnu/h-i686-mingw32/bin/../lib/gcc/nios2-elf/4.1.2/../../../../nios2-elf/lib/mno-hw-mul\libc.a(lib_a-fflush.o)
 .debug_aranges
                0x000000e8       0x20 c:/software/altera/10.1/nios2eds/bin/gnu/h-i686-mingw32/bin/../lib/gcc/nios2-elf/4.1.2/../../../../nios2-elf/lib/mno-hw-mul\libc.a(lib_a-findfp.o)
 .debug_aranges
                0x00000108       0x20 c:/software/altera/10.1/nios2eds/bin/gnu/h-i686-mingw32/bin/../lib/gcc/nios2-elf/4.1.2/../../../../nios2-elf/lib/mno-hw-mul\libc.a(lib_a-freer.o)
 .debug_aranges
                0x00000128       0x20 c:/software/altera/10.1/nios2eds/bin/gnu/h-i686-mingw32/bin/../lib/gcc/nios2-elf/4.1.2/../../../../nios2-elf/lib/mno-hw-mul\libc.a(lib_a-fvwrite.o)
 .debug_aranges
                0x00000148       0x20 c:/software/altera/10.1/nios2eds/bin/gnu/h-i686-mingw32/bin/../lib/gcc/nios2-elf/4.1.2/../../../../nios2-elf/lib/mno-hw-mul\libc.a(lib_a-fwalk.o)
 .debug_aranges
                0x00000168       0x20 c:/software/altera/10.1/nios2eds/bin/gnu/h-i686-mingw32/bin/../lib/gcc/nios2-elf/4.1.2/../../../../nios2-elf/lib/mno-hw-mul\libc.a(lib_a-locale.o)
 .debug_aranges
                0x00000188       0x20 c:/software/altera/10.1/nios2eds/bin/gnu/h-i686-mingw32/bin/../lib/gcc/nios2-elf/4.1.2/../../../../nios2-elf/lib/mno-hw-mul\libc.a(lib_a-makebuf.o)
 .debug_aranges
                0x000001a8       0x20 c:/software/altera/10.1/nios2eds/bin/gnu/h-i686-mingw32/bin/../lib/gcc/nios2-elf/4.1.2/../../../../nios2-elf/lib/mno-hw-mul\libc.a(lib_a-mallocr.o)
 .debug_aranges
                0x000001c8       0x20 c:/software/altera/10.1/nios2eds/bin/gnu/h-i686-mingw32/bin/../lib/gcc/nios2-elf/4.1.2/../../../../nios2-elf/lib/mno-hw-mul\libc.a(lib_a-memchr.o)
 .debug_aranges
                0x000001e8       0x20 c:/software/altera/10.1/nios2eds/bin/gnu/h-i686-mingw32/bin/../lib/gcc/nios2-elf/4.1.2/../../../../nios2-elf/lib/mno-hw-mul\libc.a(lib_a-memcpy.o)
 .debug_aranges
                0x00000208       0x20 c:/software/altera/10.1/nios2eds/bin/gnu/h-i686-mingw32/bin/../lib/gcc/nios2-elf/4.1.2/../../../../nios2-elf/lib/mno-hw-mul\libc.a(lib_a-memmove.o)
 .debug_aranges
                0x00000228       0x20 c:/software/altera/10.1/nios2eds/bin/gnu/h-i686-mingw32/bin/../lib/gcc/nios2-elf/4.1.2/../../../../nios2-elf/lib/mno-hw-mul\libc.a(lib_a-memset.o)
 .debug_aranges
                0x00000248       0x20 c:/software/altera/10.1/nios2eds/bin/gnu/h-i686-mingw32/bin/../lib/gcc/nios2-elf/4.1.2/../../../../nios2-elf/lib/mno-hw-mul\libc.a(lib_a-mprec.o)
 .debug_aranges
                0x00000268       0x20 c:/software/altera/10.1/nios2eds/bin/gnu/h-i686-mingw32/bin/../lib/gcc/nios2-elf/4.1.2/../../../../nios2-elf/lib/mno-hw-mul\libc.a(lib_a-reallocr.o)
 .debug_aranges
                0x00000288       0x20 c:/software/altera/10.1/nios2eds/bin/gnu/h-i686-mingw32/bin/../lib/gcc/nios2-elf/4.1.2/../../../../nios2-elf/lib/mno-hw-mul\libc.a(lib_a-s_isinfd.o)
 .debug_aranges
                0x000002a8       0x20 c:/software/altera/10.1/nios2eds/bin/gnu/h-i686-mingw32/bin/../lib/gcc/nios2-elf/4.1.2/../../../../nios2-elf/lib/mno-hw-mul\libc.a(lib_a-s_isnand.o)
 .debug_aranges
                0x000002c8       0x20 c:/software/altera/10.1/nios2eds/bin/gnu/h-i686-mingw32/bin/../lib/gcc/nios2-elf/4.1.2/../../../../nios2-elf/lib/mno-hw-mul\libc.a(lib_a-sbrkr.o)
 .debug_aranges
                0x000002e8       0x20 c:/software/altera/10.1/nios2eds/bin/gnu/h-i686-mingw32/bin/../lib/gcc/nios2-elf/4.1.2/../../../../nios2-elf/lib/mno-hw-mul\libc.a(lib_a-stdio.o)
 .debug_aranges
                0x00000308       0x20 c:/software/altera/10.1/nios2eds/bin/gnu/h-i686-mingw32/bin/../lib/gcc/nios2-elf/4.1.2/../../../../nios2-elf/lib/mno-hw-mul\libc.a(lib_a-strcmp.o)
 .debug_aranges
                0x00000328       0x20 c:/software/altera/10.1/nios2eds/bin/gnu/h-i686-mingw32/bin/../lib/gcc/nios2-elf/4.1.2/../../../../nios2-elf/lib/mno-hw-mul\libc.a(lib_a-strlen.o)
 .debug_aranges
                0x00000348       0x20 c:/software/altera/10.1/nios2eds/bin/gnu/h-i686-mingw32/bin/../lib/gcc/nios2-elf/4.1.2/../../../../nios2-elf/lib/mno-hw-mul\libc.a(lib_a-writer.o)
 .debug_aranges
                0x00000368       0x20 c:/software/altera/10.1/nios2eds/bin/gnu/h-i686-mingw32/bin/../lib/gcc/nios2-elf/4.1.2/../../../../nios2-elf/lib/mno-hw-mul\libc.a(lib_a-callocr.o)
 .debug_aranges
                0x00000388       0x20 c:/software/altera/10.1/nios2eds/bin/gnu/h-i686-mingw32/bin/../lib/gcc/nios2-elf/4.1.2/../../../../nios2-elf/lib/mno-hw-mul\libc.a(lib_a-closer.o)
 .debug_aranges
                0x000003a8       0x20 c:/software/altera/10.1/nios2eds/bin/gnu/h-i686-mingw32/bin/../lib/gcc/nios2-elf/4.1.2/../../../../nios2-elf/lib/mno-hw-mul\libc.a(lib_a-fclose.o)
 .debug_aranges
                0x000003c8       0x20 c:/software/altera/10.1/nios2eds/bin/gnu/h-i686-mingw32/bin/../lib/gcc/nios2-elf/4.1.2/../../../../nios2-elf/lib/mno-hw-mul\libc.a(lib_a-fstatr.o)
 .debug_aranges
                0x000003e8       0x20 c:/software/altera/10.1/nios2eds/bin/gnu/h-i686-mingw32/bin/../lib/gcc/nios2-elf/4.1.2/../../../../nios2-elf/lib/mno-hw-mul\libc.a(lib_a-isattyr.o)
 .debug_aranges
                0x00000408       0x20 c:/software/altera/10.1/nios2eds/bin/gnu/h-i686-mingw32/bin/../lib/gcc/nios2-elf/4.1.2/../../../../nios2-elf/lib/mno-hw-mul\libc.a(lib_a-lseekr.o)
 .debug_aranges
                0x00000428       0x20 c:/software/altera/10.1/nios2eds/bin/gnu/h-i686-mingw32/bin/../lib/gcc/nios2-elf/4.1.2/../../../../nios2-elf/lib/mno-hw-mul\libc.a(lib_a-readr.o)
 .debug_aranges
                0x00000448       0x20 c:/software/altera/10.1/nios2eds/bin/gnu/h-i686-mingw32/bin/../lib/gcc/nios2-elf/4.1.2/mno-hw-mul\libgcc.a(_udivdi3.o)
 .debug_aranges
                0x00000468       0x20 c:/software/altera/10.1/nios2eds/bin/gnu/h-i686-mingw32/bin/../lib/gcc/nios2-elf/4.1.2/mno-hw-mul\libgcc.a(_umoddi3.o)
 .debug_aranges
                0x00000488       0x20 c:/software/altera/10.1/nios2eds/bin/gnu/h-i686-mingw32/bin/../lib/gcc/nios2-elf/4.1.2/mno-hw-mul\libgcc.a(_addsub_df.o)
 .debug_aranges
                0x000004a8       0x20 c:/software/altera/10.1/nios2eds/bin/gnu/h-i686-mingw32/bin/../lib/gcc/nios2-elf/4.1.2/mno-hw-mul\libgcc.a(_mul_df.o)
 .debug_aranges
                0x000004c8       0x20 c:/software/altera/10.1/nios2eds/bin/gnu/h-i686-mingw32/bin/../lib/gcc/nios2-elf/4.1.2/mno-hw-mul\libgcc.a(_div_df.o)
 .debug_aranges
                0x000004e8       0x20 c:/software/altera/10.1/nios2eds/bin/gnu/h-i686-mingw32/bin/../lib/gcc/nios2-elf/4.1.2/mno-hw-mul\libgcc.a(_eq_df.o)
 .debug_aranges
                0x00000508       0x20 c:/software/altera/10.1/nios2eds/bin/gnu/h-i686-mingw32/bin/../lib/gcc/nios2-elf/4.1.2/mno-hw-mul\libgcc.a(_ne_df.o)
 .debug_aranges
                0x00000528       0x20 c:/software/altera/10.1/nios2eds/bin/gnu/h-i686-mingw32/bin/../lib/gcc/nios2-elf/4.1.2/mno-hw-mul\libgcc.a(_gt_df.o)
 .debug_aranges
                0x00000548       0x20 c:/software/altera/10.1/nios2eds/bin/gnu/h-i686-mingw32/bin/../lib/gcc/nios2-elf/4.1.2/mno-hw-mul\libgcc.a(_ge_df.o)
 .debug_aranges
                0x00000568       0x20 c:/software/altera/10.1/nios2eds/bin/gnu/h-i686-mingw32/bin/../lib/gcc/nios2-elf/4.1.2/mno-hw-mul\libgcc.a(_lt_df.o)
 .debug_aranges